Archive member included to satisfy reference by file (symbol)

C:/Pliki/ST/STM32CubeIDE_1.16.1/STM32CubeIDE/plugins/com.st.stm32cube.ide.mcu.externaltools.gnu-tools-for-stm32.12.3.rel1.win32_1.0.200.202406191623/tools/bin/../lib/gcc/arm-none-eabi/12.3.1/../../../../arm-none-eabi/lib/thumb/v7e-m+fp/hard\libc_nano.a(libc_a-exit.o)
                              C:/Pliki/ST/STM32CubeIDE_1.16.1/STM32CubeIDE/plugins/com.st.stm32cube.ide.mcu.externaltools.gnu-tools-for-stm32.12.3.rel1.win32_1.0.200.202406191623/tools/bin/../lib/gcc/arm-none-eabi/12.3.1/../../../../arm-none-eabi/lib/thumb/v7e-m+fp/hard/crt0.o (exit)
C:/Pliki/ST/STM32CubeIDE_1.16.1/STM32CubeIDE/plugins/com.st.stm32cube.ide.mcu.externaltools.gnu-tools-for-stm32.12.3.rel1.win32_1.0.200.202406191623/tools/bin/../lib/gcc/arm-none-eabi/12.3.1/../../../../arm-none-eabi/lib/thumb/v7e-m+fp/hard\libc_nano.a(libc_a-strtol.o)
                              ./Core/Src/main.o (strtol)
C:/Pliki/ST/STM32CubeIDE_1.16.1/STM32CubeIDE/plugins/com.st.stm32cube.ide.mcu.externaltools.gnu-tools-for-stm32.12.3.rel1.win32_1.0.200.202406191623/tools/bin/../lib/gcc/arm-none-eabi/12.3.1/../../../../arm-none-eabi/lib/thumb/v7e-m+fp/hard\libc_nano.a(libc_a-ctype_.o)
                              C:/Pliki/ST/STM32CubeIDE_1.16.1/STM32CubeIDE/plugins/com.st.stm32cube.ide.mcu.externaltools.gnu-tools-for-stm32.12.3.rel1.win32_1.0.200.202406191623/tools/bin/../lib/gcc/arm-none-eabi/12.3.1/../../../../arm-none-eabi/lib/thumb/v7e-m+fp/hard\libc_nano.a(libc_a-strtol.o) (_ctype_)
C:/Pliki/ST/STM32CubeIDE_1.16.1/STM32CubeIDE/plugins/com.st.stm32cube.ide.mcu.externaltools.gnu-tools-for-stm32.12.3.rel1.win32_1.0.200.202406191623/tools/bin/../lib/gcc/arm-none-eabi/12.3.1/../../../../arm-none-eabi/lib/thumb/v7e-m+fp/hard\libc_nano.a(libc_a-findfp.o)
                              C:/Pliki/ST/STM32CubeIDE_1.16.1/STM32CubeIDE/plugins/com.st.stm32cube.ide.mcu.externaltools.gnu-tools-for-stm32.12.3.rel1.win32_1.0.200.202406191623/tools/bin/../lib/gcc/arm-none-eabi/12.3.1/../../../../arm-none-eabi/lib/thumb/v7e-m+fp/hard\libc_nano.a(libc_a-exit.o) (__stdio_exit_handler)
C:/Pliki/ST/STM32CubeIDE_1.16.1/STM32CubeIDE/plugins/com.st.stm32cube.ide.mcu.externaltools.gnu-tools-for-stm32.12.3.rel1.win32_1.0.200.202406191623/tools/bin/../lib/gcc/arm-none-eabi/12.3.1/../../../../arm-none-eabi/lib/thumb/v7e-m+fp/hard\libc_nano.a(libc_a-fwalk.o)
                              C:/Pliki/ST/STM32CubeIDE_1.16.1/STM32CubeIDE/plugins/com.st.stm32cube.ide.mcu.externaltools.gnu-tools-for-stm32.12.3.rel1.win32_1.0.200.202406191623/tools/bin/../lib/gcc/arm-none-eabi/12.3.1/../../../../arm-none-eabi/lib/thumb/v7e-m+fp/hard\libc_nano.a(libc_a-findfp.o) (_fwalk_sglue)
C:/Pliki/ST/STM32CubeIDE_1.16.1/STM32CubeIDE/plugins/com.st.stm32cube.ide.mcu.externaltools.gnu-tools-for-stm32.12.3.rel1.win32_1.0.200.202406191623/tools/bin/../lib/gcc/arm-none-eabi/12.3.1/../../../../arm-none-eabi/lib/thumb/v7e-m+fp/hard\libc_nano.a(libc_a-sprintf.o)
                              ./Core/Src/main.o (sprintf)
C:/Pliki/ST/STM32CubeIDE_1.16.1/STM32CubeIDE/plugins/com.st.stm32cube.ide.mcu.externaltools.gnu-tools-for-stm32.12.3.rel1.win32_1.0.200.202406191623/tools/bin/../lib/gcc/arm-none-eabi/12.3.1/../../../../arm-none-eabi/lib/thumb/v7e-m+fp/hard\libc_nano.a(libc_a-stdio.o)
                              C:/Pliki/ST/STM32CubeIDE_1.16.1/STM32CubeIDE/plugins/com.st.stm32cube.ide.mcu.externaltools.gnu-tools-for-stm32.12.3.rel1.win32_1.0.200.202406191623/tools/bin/../lib/gcc/arm-none-eabi/12.3.1/../../../../arm-none-eabi/lib/thumb/v7e-m+fp/hard\libc_nano.a(libc_a-findfp.o) (__sread)
C:/Pliki/ST/STM32CubeIDE_1.16.1/STM32CubeIDE/plugins/com.st.stm32cube.ide.mcu.externaltools.gnu-tools-for-stm32.12.3.rel1.win32_1.0.200.202406191623/tools/bin/../lib/gcc/arm-none-eabi/12.3.1/../../../../arm-none-eabi/lib/thumb/v7e-m+fp/hard\libc_nano.a(libc_a-memset.o)
                              C:/Pliki/ST/STM32CubeIDE_1.16.1/STM32CubeIDE/plugins/com.st.stm32cube.ide.mcu.externaltools.gnu-tools-for-stm32.12.3.rel1.win32_1.0.200.202406191623/tools/bin/../lib/gcc/arm-none-eabi/12.3.1/../../../../arm-none-eabi/lib/thumb/v7e-m+fp/hard/crt0.o (memset)
C:/Pliki/ST/STM32CubeIDE_1.16.1/STM32CubeIDE/plugins/com.st.stm32cube.ide.mcu.externaltools.gnu-tools-for-stm32.12.3.rel1.win32_1.0.200.202406191623/tools/bin/../lib/gcc/arm-none-eabi/12.3.1/../../../../arm-none-eabi/lib/thumb/v7e-m+fp/hard\libc_nano.a(libc_a-closer.o)
                              C:/Pliki/ST/STM32CubeIDE_1.16.1/STM32CubeIDE/plugins/com.st.stm32cube.ide.mcu.externaltools.gnu-tools-for-stm32.12.3.rel1.win32_1.0.200.202406191623/tools/bin/../lib/gcc/arm-none-eabi/12.3.1/../../../../arm-none-eabi/lib/thumb/v7e-m+fp/hard\libc_nano.a(libc_a-stdio.o) (_close_r)
[...]
Memory Configuration

Name             Origin             Length             Attributes
RAM              0x20000000         0x00050000         xrw
FLASH            0x08000000         0x00100000         xr
*default*        0x00000000         0xffffffff

Linker script and memory map

LOAD C:/Pliki/ST/STM32CubeIDE_1.16.1/STM32CubeIDE/plugins/com.st.stm32cube.ide.mcu.externaltools.gnu-tools-for-stm32.12.3.rel1.win32_1.0.200.202406191623/tools/bin/../lib/gcc/arm-none-eabi/12.3.1/thumb/v7e-m+fp/hard/crti.o
LOAD C:/Pliki/ST/STM32CubeIDE_1.16.1/STM32CubeIDE/plugins/com.st.stm32cube.ide.mcu.externaltools.gnu-tools-for-stm32.12.3.rel1.win32_1.0.200.202406191623/tools/bin/../lib/gcc/arm-none-eabi/12.3.1/thumb/v7e-m+fp/hard/crtbegin.o
LOAD C:/Pliki/ST/STM32CubeIDE_1.16.1/STM32CubeIDE/plugins/com.st.stm32cube.ide.mcu.externaltools.gnu-tools-for-stm32.12.3.rel1.win32_1.0.200.202406191623/tools/bin/../lib/gcc/arm-none-eabi/12.3.1/../../../../arm-none-eabi/lib/thumb/v7e-m+fp/hard/crt0.o
LOAD ./Core/Src/bmp2.o
LOAD ./Core/Src/bmp2_config.o
LOAD ./Core/Src/eth.o
LOAD ./Core/Src/gpio.o
LOAD ./Core/Src/main.o
LOAD ./Core/Src/spi.o
LOAD ./Core/Src/stm32f7xx_hal_msp.o
LOAD ./Core/Src/stm32f7xx_it.o
LOAD ./Core/Src/syscalls.o
LOAD ./Core/Src/sysmem.o
LOAD ./Core/Src/system_stm32f7xx.o
LOAD ./Core/Src/tim.o
LOAD ./Core/Src/usart.o
LOAD ./Core/Src/usb_otg.o
LOAD ./Core/Startup/startup_stm32f746zgtx.o
LOAD ./Drivers/STM32F7xx_HAL_Driver/Src/stm32f7xx_hal.o
LOAD ./Drivers/STM32F7xx_HAL_Driver/Src/stm32f7xx_hal_cortex.o
LOAD ./Drivers/STM32F7xx_HAL_Driver/Src/stm32f7xx_hal_dma.o
LOAD ./Drivers/STM32F7xx_HAL_Driver/Src/stm32f7xx_hal_dma_ex.o
LOAD ./Drivers/STM32F7xx_HAL_Driver/Src/stm32f7xx_hal_eth.o
LOAD ./Drivers/STM32F7xx_HAL_Driver/Src/stm32f7xx_hal_exti.o
LOAD ./Drivers/STM32F7xx_HAL_Driver/Src/stm32f7xx_hal_flash.o
LOAD ./Drivers/STM32F7xx_HAL_Driver/Src/stm32f7xx_hal_flash_ex.o
LOAD ./Drivers/STM32F7xx_HAL_Driver/Src/stm32f7xx_hal_gpio.o
LOAD ./Drivers/STM32F7xx_HAL_Driver/Src/stm32f7xx_hal_i2c.o
LOAD ./Drivers/STM32F7xx_HAL_Driver/Src/stm32f7xx_hal_i2c_ex.o
LOAD ./Drivers/STM32F7xx_HAL_Driver/Src/stm32f7xx_hal_pcd.o
LOAD ./Drivers/STM32F7xx_HAL_Driver/Src/stm32f7xx_hal_pcd_ex.o
LOAD ./Drivers/STM32F7xx_HAL_Driver/Src/stm32f7xx_hal_pwr.o
LOAD ./Drivers/STM32F7xx_HAL_Driver/Src/stm32f7xx_hal_pwr_ex.o
LOAD ./Drivers/STM32F7xx_HAL_Driver/Src/stm32f7xx_hal_rcc.o
LOAD ./Drivers/STM32F7xx_HAL_Driver/Src/stm32f7xx_hal_rcc_ex.o
LOAD ./Drivers/STM32F7xx_HAL_Driver/Src/stm32f7xx_hal_spi.o
LOAD ./Drivers/STM32F7xx_HAL_Driver/Src/stm32f7xx_hal_spi_ex.o
LOAD ./Drivers/STM32F7xx_HAL_Driver/Src/stm32f7xx_hal_tim.o
LOAD ./Drivers/STM32F7xx_HAL_Driver/Src/stm32f7xx_hal_tim_ex.o
LOAD ./Drivers/STM32F7xx_HAL_Driver/Src/stm32f7xx_hal_uart.o
LOAD ./Drivers/STM32F7xx_HAL_Driver/Src/stm32f7xx_hal_uart_ex.o
LOAD ./Drivers/STM32F7xx_HAL_Driver/Src/stm32f7xx_ll_usb.o
START GROUP
LOAD C:/Pliki/ST/STM32CubeIDE_1.16.1/STM32CubeIDE/plugins/com.st.stm32cube.ide.mcu.externaltools.gnu-tools-for-stm32.12.3.rel1.win32_1.0.200.202406191623/tools/bin/../lib/gcc/arm-none-eabi/12.3.1/../../../../arm-none-eabi/lib/thumb/v7e-m+fp/hard\libc_nano.a
LOAD C:/Pliki/ST/STM32CubeIDE_1.16.1/STM32CubeIDE/plugins/com.st.stm32cube.ide.mcu.externaltools.gnu-tools-for-stm32.12.3.rel1.win32_1.0.200.202406191623/tools/bin/../lib/gcc/arm-none-eabi/12.3.1/../../../../arm-none-eabi/lib/thumb/v7e-m+fp/hard\libm.a
END GROUP
START GROUP
LOAD C:/Pliki/ST/STM32CubeIDE_1.16.1/STM32CubeIDE/plugins/com.st.stm32cube.ide.mcu.externaltools.gnu-tools-for-stm32.12.3.rel1.win32_1.0.200.202406191623/tools/bin/../lib/gcc/arm-none-eabi/12.3.1/thumb/v7e-m+fp/hard\libgcc.a
LOAD C:/Pliki/ST/STM32CubeIDE_1.16.1/STM32CubeIDE/plugins/com.st.stm32cube.ide.mcu.externaltools.gnu-tools-for-stm32.12.3.rel1.win32_1.0.200.202406191623/tools/bin/../lib/gcc/arm-none-eabi/12.3.1/../../../../arm-none-eabi/lib/thumb/v7e-m+fp/hard\libc_nano.a
END GROUP
START GROUP
LOAD C:/Pliki/ST/STM32CubeIDE_1.16.1/STM32CubeIDE/plugins/com.st.stm32cube.ide.mcu.externaltools.gnu-tools-for-stm32.12.3.rel1.win32_1.0.200.202406191623/tools/bin/../lib/gcc/arm-none-eabi/12.3.1/thumb/v7e-m+fp/hard\libgcc.a
LOAD C:/Pliki/ST/STM32CubeIDE_1.16.1/STM32CubeIDE/plugins/com.st.stm32cube.ide.mcu.externaltools.gnu-tools-for-stm32.12.3.rel1.win32_1.0.200.202406191623/tools/bin/../lib/gcc/arm-none-eabi/12.3.1/../../../../arm-none-eabi/lib/thumb/v7e-m+fp/hard\libc_nano.a
LOAD C:/Pliki/ST/STM32CubeIDE_1.16.1/STM32CubeIDE/plugins/com.st.stm32cube.ide.mcu.externaltools.gnu-tools-for-stm32.12.3.rel1.win32_1.0.200.202406191623/tools/bin/../lib/gcc/arm-none-eabi/12.3.1/../../../../arm-none-eabi/lib/thumb/v7e-m+fp/hard\libnosys.a
END GROUP
START GROUP
LOAD C:/Pliki/ST/STM32CubeIDE_1.16.1/STM32CubeIDE/plugins/com.st.stm32cube.ide.mcu.externaltools.gnu-tools-for-stm32.12.3.rel1.win32_1.0.200.202406191623/tools/bin/../lib/gcc/arm-none-eabi/12.3.1/thumb/v7e-m+fp/hard\libgcc.a
LOAD C:/Pliki/ST/STM32CubeIDE_1.16.1/STM32CubeIDE/plugins/com.st.stm32cube.ide.mcu.externaltools.gnu-tools-for-stm32.12.3.rel1.win32_1.0.200.202406191623/tools/bin/../lib/gcc/arm-none-eabi/12.3.1/../../../../arm-none-eabi/lib/thumb/v7e-m+fp/hard\libc_nano.a
LOAD C:/Pliki/ST/STM32CubeIDE_1.16.1/STM32CubeIDE/plugins/com.st.stm32cube.ide.mcu.externaltools.gnu-tools-for-stm32.12.3.rel1.win32_1.0.200.202406191623/tools/bin/../lib/gcc/arm-none-eabi/12.3.1/../../../../arm-none-eabi/lib/thumb/v7e-m+fp/hard\libnosys.a
END GROUP
LOAD C:/Pliki/ST/STM32CubeIDE_1.16.1/STM32CubeIDE/plugins/com.st.stm32cube.ide.mcu.externaltools.gnu-tools-for-stm32.12.3.rel1.win32_1.0.200.202406191623/tools/bin/../lib/gcc/arm-none-eabi/12.3.1/thumb/v7e-m+fp/hard/crtend.o
LOAD C:/Pliki/ST/STM32CubeIDE_1.16.1/STM32CubeIDE/plugins/com.st.stm32cube.ide.mcu.externaltools.gnu-tools-for-stm32.12.3.rel1.win32_1.0.200.202406191623/tools/bin/../lib/gcc/arm-none-eabi/12.3.1/thumb/v7e-m+fp/hard/crtn.o
                0x20050000                        _estack = (ORIGIN (RAM) + LENGTH (RAM))
                0x00000200                        _Min_Heap_Size = 0x200
                0x00000400                        _Min_Stack_Size = 0x400

.isr_vector     0x08000000      0x1c8
                0x08000000                        . = ALIGN (0x4)
 *(.isr_vector)
 .isr_vector    0x08000000      0x1c8 ./Core/Startup/startup_stm32f746zgtx.o
                0x08000000                g_pfnVectors
                0x080001c8                        . = ALIGN (0x4)

.text           0x080001d0     0x92b0
                0x080001d0                        . = ALIGN (0x4)
 *(.text)
 .text          0x080001d0       0x40 C:/Pliki/ST/STM32CubeIDE_1.16.1/STM32CubeIDE/plugins/com.st.stm32cube.ide.mcu.externaltools.gnu-tools-for-stm32.12.3.rel1.win32_1.0.200.202406191623/tools/bin/../lib/gcc/arm-none-eabi/12.3.1/thumb/v7e-m+fp/hard/crtbegin.o
 .text          0x08000210       0xa0 C:/Pliki/ST/STM32CubeIDE_1.16.1/STM32CubeIDE/plugins/com.st.stm32cube.ide.mcu.externaltools.gnu-tools-for-stm32.12.3.rel1.win32_1.0.200.202406191623/tools/bin/../lib/gcc/arm-none-eabi/12.3.1/../../../../arm-none-eabi/lib/thumb/v7e-m+fp/hard\libc_nano.a(libc_a-memchr.o)
                0x08000210                memchr
 .text          0x080002b0      0x378 C:/Pliki/ST/STM32CubeIDE_1.16.1/STM32CubeIDE/plugins/com.st.stm32cube.ide.mcu.externaltools.gnu-tools-for-stm32.12.3.rel1.win32_1.0.200.202406191623/tools/bin/../lib/gcc/arm-none-eabi/12.3.1/thumb/v7e-m+fp/hard\libgcc.a(_arm_addsubdf3.o)
                0x080002b0                __aeabi_drsub
                0x080002b8                __aeabi_dsub
                0x080002b8                __subdf3
                0x080002bc                __aeabi_dadd
                0x080002bc                __adddf3
                0x08000534                __floatunsidf
                0x08000534                __aeabi_ui2d
                0x08000554                __floatsidf
                0x08000554                __aeabi_i2d
                0x08000578                __aeabi_f2d
                0x08000578                __extendsfdf2
                0x080005bc                __floatundidf
                0x080005bc                __aeabi_ul2d
                0x080005cc                __floatdidf
                0x080005cc                __aeabi_l2d
 .text          0x08000628      0x424 C:/Pliki/ST/STM32CubeIDE_1.16.1/STM32CubeIDE/plugins/com.st.stm32cube.ide.mcu.externaltools.gnu-tools-for-stm32.12.3.rel1.win32_1.0.200.202406191623/tools/bin/../lib/gcc/arm-none-eabi/12.3.1/thumb/v7e-m+fp/hard\libgcc.a(_arm_muldivdf3.o)
                0x08000628                __aeabi_dmul
                0x08000628                __muldf3
                0x0800087c                __divdf3
                0x0800087c                __aeabi_ddiv
 .text          0x08000a4c      0x110 C:/Pliki/ST/STM32CubeIDE_1.16.1/STM32CubeIDE/plugins/com.st.stm32cube.ide.mcu.externaltools.gnu-tools-for-stm32.12.3.rel1.win32_1.0.200.202406191623/tools/bin/../lib/gcc/arm-none-eabi/12.3.1/thumb/v7e-m+fp/hard\libgcc.a(_arm_cmpdf2.o)
                0x08000a4c                __gtdf2
                0x08000a4c                __gedf2
                0x08000a54                __ltdf2
                0x08000a54                __ledf2
                0x08000a5c                __nedf2
                0x08000a5c                __eqdf2
                0x08000a5c                __cmpdf2
                0x08000ad8                __aeabi_cdrcmple
                0x08000ae8                __aeabi_cdcmpeq
                0x08000ae8                __aeabi_cdcmple
                0x08000af8                __aeabi_dcmpeq
                0x08000b0c                __aeabi_dcmplt
                0x08000b20                __aeabi_dcmple
                0x08000b34                __aeabi_dcmpge
                0x08000b48                __aeabi_dcmpgt
 .text          0x08000b5c       0x50 C:/Pliki/ST/STM32CubeIDE_1.16.1/STM32CubeIDE/plugins/com.st.stm32cube.ide.mcu.externaltools.gnu-tools-for-stm32.12.3.rel1.win32_1.0.200.202406191623/tools/bin/../lib/gcc/arm-none-eabi/12.3.1/thumb/v7e-m+fp/hard\libgcc.a(_arm_fixdfsi.o)
                0x08000b5c                __aeabi_d2iz
                0x08000b5c                __fixdfsi
 .text          0x08000bac       0x40 C:/Pliki/ST/STM32CubeIDE_1.16.1/STM32CubeIDE/plugins/com.st.stm32cube.ide.mcu.externaltools.gnu-tools-for-stm32.12.3.rel1.win32_1.0.200.202406191623/tools/bin/../lib/gcc/arm-none-eabi/12.3.1/thumb/v7e-m+fp/hard\libgcc.a(_arm_fixunsdfsi.o)
                0x08000bac                __aeabi_d2uiz
                0x08000bac                __fixunsdfsi
 .text          0x08000bec       0xa0 C:/Pliki/ST/STM32CubeIDE_1.16.1/STM32CubeIDE/plugins/com.st.stm32cube.ide.mcu.externaltools.gnu-tools-for-stm32.12.3.rel1.win32_1.0.200.202406191623/tools/bin/../lib/gcc/arm-none-eabi/12.3.1/thumb/v7e-m+fp/hard\libgcc.a(_arm_truncdfsf2.o)
                0x08000bec                __truncdfsf2
                0x08000bec                __aeabi_d2f
 .text          0x08000c8c       0x30 C:/Pliki/ST/STM32CubeIDE_1.16.1/STM32CubeIDE/plugins/com.st.stm32cube.ide.mcu.externaltools.gnu-tools-for-stm32.12.3.rel1.win32_1.0.200.202406191623/tools/bin/../lib/gcc/arm-none-eabi/12.3.1/thumb/v7e-m+fp/hard\libgcc.a(_aeabi_uldivmod.o)
                0x08000c8c                __aeabi_uldivmod
 .text          0x08000cbc      0x2bc C:/Pliki/ST/STM32CubeIDE_1.16.1/STM32CubeIDE/plugins/com.st.stm32cube.ide.mcu.externaltools.gnu-tools-for-stm32.12.3.rel1.win32_1.0.200.202406191623/tools/bin/../lib/gcc/arm-none-eabi/12.3.1/thumb/v7e-m+fp/hard\libgcc.a(_udivmoddi4.o)
                0x08000cbc                __udivmoddi4
 .text          0x08000f78        0x4 C:/Pliki/ST/STM32CubeIDE_1.16.1/STM32CubeIDE/plugins/com.st.stm32cube.ide.mcu.externaltools.gnu-tools-for-stm32.12.3.rel1.win32_1.0.200.202406191623/tools/bin/../lib/gcc/arm-none-eabi/12.3.1/thumb/v7e-m+fp/hard\libgcc.a(_dvmd_tls.o)
                0x08000f78                __aeabi_idiv0
                0x08000f78                __aeabi_ldiv0
 *(.text*)
 .text.bmp2_init
                0x08000f7c       0x56 ./Core/Src/bmp2.o
                0x08000f7c                bmp2_init
 .text.bmp2_get_regs
                0x08000fd2       0x70 ./Core/Src/bmp2.o
                0x08000fd2                bmp2_get_regs
 .text.bmp2_set_regs
                0x08001042       0xe4 ./Core/Src/bmp2.o
                0x08001042                bmp2_set_regs
 .text.bmp2_soft_reset
                0x08001126       0x30 ./Core/Src/bmp2.o
                0x08001126                bmp2_soft_reset
 .text.bmp2_get_config
                0x08001156       0x80 ./Core/Src/bmp2.o
                0x08001156                bmp2_get_config
 .text.bmp2_set_config
                0x080011d6       0x1e ./Core/Src/bmp2.o
                0x080011d6                bmp2_set_config
 .text.bmp2_get_status
                0x080011f4       0x58 ./Core/Src/bmp2.o
                0x080011f4                bmp2_get_status
 .text.bmp2_set_power_mode
                0x0800124c       0x2a ./Core/Src/bmp2.o
                0x0800124c                bmp2_set_power_mode
 .text.bmp2_get_sensor_data
                0x08001276       0x7c ./Core/Src/bmp2.o
                0x08001276                bmp2_get_sensor_data
 .text.bmp2_compensate_data
                0x080012f2       0x82 ./Core/Src/bmp2.o
                0x080012f2                bmp2_compensate_data
 .text.bmp2_compute_meas_time
                0x08001374       0xa4 ./Core/Src/bmp2.o
                0x08001374                bmp2_compute_meas_time
 .text.null_ptr_check
                0x08001418       0x40 ./Core/Src/bmp2.o
 .text.interleave_data
                0x08001458       0x56 ./Core/Src/bmp2.o
 .text.get_calib_param
                0x080014ae      0x136 ./Core/Src/bmp2.o
 .text.conf_sensor
                0x080015e4      0x118 ./Core/Src/bmp2.o
 .text.set_os_mode
                0x080016fc      0x138 ./Core/Src/bmp2.o
 .text.parse_sensor_data
                0x08001834       0x86 ./Core/Src/bmp2.o
 *fill*         0x080018ba        0x2 
 .text.compensate_temperature
                0x080018bc      0x1ec ./Core/Src/bmp2.o
 .text.compensate_pressure
                0x08001aa8      0x3c8 ./Core/Src/bmp2.o
 .text.st_check_boundaries
                0x08001e70       0x8c ./Core/Src/bmp2.o
 .text.BMP2_Init
                0x08001efc       0x70 ./Core/Src/bmp2_config.o
                0x08001efc                BMP2_Init
 .text.bmp2_spi_read
                0x08001f6c       0x80 ./Core/Src/bmp2_config.o
                0x08001f6c                bmp2_spi_read
 .text.bmp2_spi_write
                0x08001fec       0x80 ./Core/Src/bmp2_config.o
                0x08001fec                bmp2_spi_write
 .text.bmp2_delay_us
                0x0800206c       0x28 ./Core/Src/bmp2_config.o
                0x0800206c                bmp2_delay_us
 .text.BMP2_ReadData
                0x08002094       0xc8 ./Core/Src/bmp2_config.o
                0x08002094                BMP2_ReadData
 .text.MX_ETH_Init
                0x0800215c       0x9c ./Core/Src/eth.o
                0x0800215c                MX_ETH_Init
 .text.HAL_ETH_MspInit
                0x080021f8      0x180 ./Core/Src/eth.o
                0x080021f8                HAL_ETH_MspInit
 .text.MX_GPIO_Init
                0x08002378      0x1f4 ./Core/Src/gpio.o
                0x08002378                MX_GPIO_Init
 .text.HAL_UART_RxCpltCallback
                0x0800256c       0xc0 ./Core/Src/main.o
                0x0800256c                HAL_UART_RxCpltCallback
 .text.HAL_GPIO_EXTI_Callback
                0x0800262c       0x60 ./Core/Src/main.o
                0x0800262c                HAL_GPIO_EXTI_Callback
 .text.grzanie_f
                0x0800268c       0x2c ./Core/Src/main.o
                0x0800268c                grzanie_f
 .text.chlodzenie_f
                0x080026b8       0x2c ./Core/Src/main.o
                0x080026b8                chlodzenie_f
 .text.oczekiwanie_f
                0x080026e4       0x2c ./Core/Src/main.o
                0x080026e4                oczekiwanie_f
 .text.odbieranie_usart_f
                0x08002710       0xe4 ./Core/Src/main.o
                0x08002710                odbieranie_usart_f
 *fill*         0x080027f4        0x4 
 .text.sterowanie_f
                0x080027f8      0x118 ./Core/Src/main.o
                0x080027f8                sterowanie_f
 .text.HAL_TIM_PeriodElapsedCallback
                0x08002910       0x24 ./Core/Src/main.o
                0x08002910                HAL_TIM_PeriodElapsedCallback
 .text.main     0x08002934      0x124 ./Core/Src/main.o
                0x08002934                main
 .text.SystemClock_Config
                0x08002a58       0xd0 ./Core/Src/main.o
                0x08002a58                SystemClock_Config
 .text.Error_Handler
                0x08002b28        0xc ./Core/Src/main.o
                0x08002b28                Error_Handler
 .text.MX_SPI4_Init
                0x08002b34       0x7c ./Core/Src/spi.o
                0x08002b34                MX_SPI4_Init
 .text.HAL_SPI_MspInit
                0x08002bb0       0x88 ./Core/Src/spi.o
                0x08002bb0                HAL_SPI_MspInit
 .text.HAL_MspInit
                0x08002c38       0x48 ./Core/Src/stm32f7xx_hal_msp.o
                0x08002c38                HAL_MspInit
 .text.NMI_Handler
                0x08002c80        0x8 ./Core/Src/stm32f7xx_it.o
                0x08002c80                NMI_Handler
 .text.HardFault_Handler
                0x08002c88        0x8 ./Core/Src/stm32f7xx_it.o
                0x08002c88                HardFault_Handler
 .text.MemManage_Handler
                0x08002c90        0x8 ./Core/Src/stm32f7xx_it.o
                0x08002c90                MemManage_Handler
 .text.BusFault_Handler
                0x08002c98        0x8 ./Core/Src/stm32f7xx_it.o
                0x08002c98                BusFault_Handler
 .text.UsageFault_Handler
                0x08002ca0        0x8 ./Core/Src/stm32f7xx_it.o
                0x08002ca0                UsageFault_Handler
 .text.SVC_Handler
                0x08002ca8        0xe ./Core/Src/stm32f7xx_it.o
                0x08002ca8                SVC_Handler
 .text.DebugMon_Handler
                0x08002cb6        0xe ./Core/Src/stm32f7xx_it.o
                0x08002cb6                DebugMon_Handler
 .text.PendSV_Handler
                0x08002cc4        0xe ./Core/Src/stm32f7xx_it.o
                0x08002cc4                PendSV_Handler
 .text.SysTick_Handler
                0x08002cd2        0xc ./Core/Src/stm32f7xx_it.o
                0x08002cd2                SysTick_Handler
 .text.EXTI1_IRQHandler
                0x08002cde        0xe ./Core/Src/stm32f7xx_it.o
                0x08002cde                EXTI1_IRQHandler
 .text.EXTI4_IRQHandler
                0x08002cec        0xe ./Core/Src/stm32f7xx_it.o
                0x08002cec                EXTI4_IRQHandler
 *fill*         0x08002cfa        0x2 
 .text.TIM4_IRQHandler
                0x08002cfc       0x14 ./Core/Src/stm32f7xx_it.o
                0x08002cfc                TIM4_IRQHandler
 .text.USART3_IRQHandler
                0x08002d10       0x14 ./Core/Src/stm32f7xx_it.o
                0x08002d10                USART3_IRQHandler
 .text.ETH_IRQHandler
                0x08002d24       0x14 ./Core/Src/stm32f7xx_it.o
                0x08002d24                ETH_IRQHandler
 .text._sbrk    0x08002d38       0x6c ./Core/Src/sysmem.o
                0x08002d38                _sbrk
 .text.SystemInit
                0x08002da4       0x24 ./Core/Src/system_stm32f7xx.o
                0x08002da4                SystemInit
 .text.MX_TIM4_Init
                0x08002dc8       0xa0 ./Core/Src/tim.o
                0x08002dc8                MX_TIM4_Init
 .text.HAL_TIM_Base_MspInit
                0x08002e68       0x4c ./Core/Src/tim.o
                0x08002e68                HAL_TIM_Base_MspInit
 .text.MX_USART3_UART_Init
                0x08002eb4       0x60 ./Core/Src/usart.o
                0x08002eb4                MX_USART3_UART_Init
 .text.HAL_UART_MspInit
                0x08002f14       0xd0 ./Core/Src/usart.o
                0x08002f14                HAL_UART_MspInit
 .text.MX_USB_OTG_FS_PCD_Init
                0x08002fe4       0x5c ./Core/Src/usb_otg.o
                0x08002fe4                MX_USB_OTG_FS_PCD_Init
 .text.HAL_PCD_MspInit
                0x08003040       0xf4 ./Core/Src/usb_otg.o
                0x08003040                HAL_PCD_MspInit
 .text.Reset_Handler
                0x08003134       0x50 ./Core/Startup/startup_stm32f746zgtx.o
                0x08003134                Reset_Handler
 .text.Default_Handler
                0x08003184        0x2 ./Core/Startup/startup_stm32f746zgtx.o
                0x08003184                RTC_Alarm_IRQHandler
                0x08003184                EXTI2_IRQHandler
                0x08003184                TIM8_CC_IRQHandler
                0x08003184                UART8_IRQHandler
                0x08003184                SPI4_IRQHandler
                0x08003184                TIM1_CC_IRQHandler
                0x08003184                DMA2_Stream5_IRQHandler
                0x08003184                DMA1_Stream5_IRQHandler
                0x08003184                PVD_IRQHandler
                0x08003184                TAMP_STAMP_IRQHandler
                0x08003184                CAN2_RX1_IRQHandler
                0x08003184                EXTI3_IRQHandler
                0x08003184                TIM8_TRG_COM_TIM14_IRQHandler
                0x08003184                TIM1_UP_TIM10_IRQHandler
                0x08003184                TIM8_UP_TIM13_IRQHandler
                0x08003184                I2C3_ER_IRQHandler
                0x08003184                EXTI0_IRQHandler
                0x08003184                I2C2_EV_IRQHandler
                0x08003184                DMA1_Stream2_IRQHandler
                0x08003184                CAN1_RX0_IRQHandler
                0x08003184                FPU_IRQHandler
                0x08003184                OTG_HS_WKUP_IRQHandler
                0x08003184                LTDC_ER_IRQHandler
                0x08003184                CAN2_SCE_IRQHandler
                0x08003184                DMA2_Stream2_IRQHandler
                0x08003184                SPI1_IRQHandler
                0x08003184                TIM6_DAC_IRQHandler
                0x08003184                TIM1_BRK_TIM9_IRQHandler
                0x08003184                DCMI_IRQHandler
                0x08003184                CAN2_RX0_IRQHandler
                0x08003184                DMA2_Stream3_IRQHandler
                0x08003184                SAI2_IRQHandler
                0x08003184                USART6_IRQHandler
                0x08003184                CAN1_RX1_IRQHandler
                0x08003184                UART5_IRQHandler
                0x08003184                DMA2_Stream0_IRQHandler
                0x08003184                QUADSPI_IRQHandler
                0x08003184                I2C1_EV_IRQHandler
                0x08003184                DMA1_Stream6_IRQHandler
                0x08003184                DMA1_Stream1_IRQHandler
                0x08003184                UART4_IRQHandler
                0x08003184                TIM3_IRQHandler
                0x08003184                RCC_IRQHandler
                0x08003184                TIM8_BRK_TIM12_IRQHandler
                0x08003184                Default_Handler
                0x08003184                CEC_IRQHandler
                0x08003184                EXTI15_10_IRQHandler
                0x08003184                ADC_IRQHandler
                0x08003184                DMA1_Stream7_IRQHandler
                0x08003184                SPI5_IRQHandler
                0x08003184                TIM7_IRQHandler
                0x08003184                SDMMC1_IRQHandler
                0x08003184                CAN2_TX_IRQHandler
                0x08003184                TIM5_IRQHandler
                0x08003184                DMA2_Stream7_IRQHandler
                0x08003184                I2C3_EV_IRQHandler
                0x08003184                EXTI9_5_IRQHandler
                0x08003184                RTC_WKUP_IRQHandler
                0x08003184                LTDC_IRQHandler
                0x08003184                ETH_WKUP_IRQHandler
                0x08003184                SPDIF_RX_IRQHandler
                0x08003184                SPI2_IRQHandler
                0x08003184                OTG_HS_EP1_IN_IRQHandler
                0x08003184                DMA1_Stream0_IRQHandler
                0x08003184                CAN1_TX_IRQHandler
                0x08003184                RNG_IRQHandler
                0x08003184                OTG_HS_EP1_OUT_IRQHandler
                0x08003184                WWDG_IRQHandler
                0x08003184                SPI6_IRQHandler
                0x08003184                I2C4_EV_IRQHandler
                0x08003184                TIM2_IRQHandler
                0x08003184                OTG_FS_WKUP_IRQHandler
                0x08003184                TIM1_TRG_COM_TIM11_IRQHandler
                0x08003184                OTG_HS_IRQHandler
                0x08003184                DMA2D_IRQHandler
                0x08003184                UART7_IRQHandler
                0x08003184                USART2_IRQHandler
                0x08003184                I2C2_ER_IRQHandler
                0x08003184                DMA2_Stream1_IRQHandler
                0x08003184                CAN1_SCE_IRQHandler
                0x08003184                FLASH_IRQHandler
                0x08003184                DMA2_Stream4_IRQHandler
                0x08003184                USART1_IRQHandler
                0x08003184                OTG_FS_IRQHandler
                0x08003184                SPI3_IRQHandler
                0x08003184                DMA1_Stream4_IRQHandler
                0x08003184                I2C1_ER_IRQHandler
                0x08003184                FMC_IRQHandler
                0x08003184                LPTIM1_IRQHandler
                0x08003184                I2C4_ER_IRQHandler
                0x08003184                DMA2_Stream6_IRQHandler
                0x08003184                SAI1_IRQHandler
                0x08003184                DMA1_Stream3_IRQHandler
 .text.HAL_Init
                0x08003186       0x1a ./Drivers/STM32F7xx_HAL_Driver/Src/stm32f7xx_hal.o
                0x08003186                HAL_Init
 .text.HAL_InitTick
                0x080031a0       0x60 ./Drivers/STM32F7xx_HAL_Driver/Src/stm32f7xx_hal.o
                0x080031a0                HAL_InitTick
 .text.HAL_IncTick
                0x08003200       0x28 ./Drivers/STM32F7xx_HAL_Driver/Src/stm32f7xx_hal.o
                0x08003200                HAL_IncTick
 .text.HAL_GetTick
                0x08003228       0x18 ./Drivers/STM32F7xx_HAL_Driver/Src/stm32f7xx_hal.o
                0x08003228                HAL_GetTick
 .text.HAL_Delay
                0x08003240       0x48 ./Drivers/STM32F7xx_HAL_Driver/Src/stm32f7xx_hal.o
                0x08003240                HAL_Delay
 .text.__NVIC_SetPriorityGrouping
                0x08003288       0x48 ./Drivers/STM32F7xx_HAL_Driver/Src/stm32f7xx_hal_cortex.o
 .text.__NVIC_GetPriorityGrouping
                0x080032d0       0x1c ./Drivers/STM32F7xx_HAL_Driver/Src/stm32f7xx_hal_cortex.o
 .text.__NVIC_EnableIRQ
                0x080032ec       0x3c ./Drivers/STM32F7xx_HAL_Driver/Src/stm32f7xx_hal_cortex.o
 .text.__NVIC_SetPriority
                0x08003328       0x54 ./Drivers/STM32F7xx_HAL_Driver/Src/stm32f7xx_hal_cortex.o
 .text.NVIC_EncodePriority
                0x0800337c       0x66 ./Drivers/STM32F7xx_HAL_Driver/Src/stm32f7xx_hal_cortex.o
 *fill*         0x080033e2        0x2 
 .text.SysTick_Config
                0x080033e4       0x44 ./Drivers/STM32F7xx_HAL_Driver/Src/stm32f7xx_hal_cortex.o
 .text.HAL_NVIC_SetPriorityGrouping
                0x08003428       0x16 ./Drivers/STM32F7xx_HAL_Driver/Src/stm32f7xx_hal_cortex.o
                0x08003428                HAL_NVIC_SetPriorityGrouping
 .text.HAL_NVIC_SetPriority
                0x0800343e       0x38 ./Drivers/STM32F7xx_HAL_Driver/Src/stm32f7xx_hal_cortex.o
                0x0800343e                HAL_NVIC_SetPriority
 .text.HAL_NVIC_EnableIRQ
                0x08003476       0x1c ./Drivers/STM32F7xx_HAL_Driver/Src/stm32f7xx_hal_cortex.o
                0x08003476                HAL_NVIC_EnableIRQ
 .text.HAL_SYSTICK_Config
                0x08003492       0x18 ./Drivers/STM32F7xx_HAL_Driver/Src/stm32f7xx_hal_cortex.o
                0x08003492                HAL_SYSTICK_Config
 .text.HAL_DMA_Abort
                0x080034aa       0xe0 ./Drivers/STM32F7xx_HAL_Driver/Src/stm32f7xx_hal_dma.o
                0x080034aa                HAL_DMA_Abort
 .text.HAL_DMA_Abort_IT
                0x0800358a       0x44 ./Drivers/STM32F7xx_HAL_Driver/Src/stm32f7xx_hal_dma.o
                0x0800358a                HAL_DMA_Abort_IT
 *fill*         0x080035ce        0x2 
 .text.HAL_ETH_Init
                0x080035d0      0x134 ./Drivers/STM32F7xx_HAL_Driver/Src/stm32f7xx_hal_eth.o
                0x080035d0                HAL_ETH_Init
 .text.HAL_ETH_IRQHandler
                0x08003704      0x164 ./Drivers/STM32F7xx_HAL_Driver/Src/stm32f7xx_hal_eth.o
                0x08003704                HAL_ETH_IRQHandler
 .text.HAL_ETH_TxCpltCallback
                0x08003868       0x14 ./Drivers/STM32F7xx_HAL_Driver/Src/stm32f7xx_hal_eth.o
                0x08003868                HAL_ETH_TxCpltCallback
 .text.HAL_ETH_RxCpltCallback
                0x0800387c       0x14 ./Drivers/STM32F7xx_HAL_Driver/Src/stm32f7xx_hal_eth.o
                0x0800387c                HAL_ETH_RxCpltCallback
 .text.HAL_ETH_ErrorCallback
                0x08003890       0x14 ./Drivers/STM32F7xx_HAL_Driver/Src/stm32f7xx_hal_eth.o
                0x08003890                HAL_ETH_ErrorCallback
 .text.HAL_ETH_PMTCallback
                0x080038a4       0x14 ./Drivers/STM32F7xx_HAL_Driver/Src/stm32f7xx_hal_eth.o
                0x080038a4                HAL_ETH_PMTCallback
 .text.HAL_ETH_WakeUpCallback
                0x080038b8       0x14 ./Drivers/STM32F7xx_HAL_Driver/Src/stm32f7xx_hal_eth.o
                0x080038b8                HAL_ETH_WakeUpCallback
 .text.ETH_SetMACConfig
                0x080038cc      0x168 ./Drivers/STM32F7xx_HAL_Driver/Src/stm32f7xx_hal_eth.o
 .text.ETH_SetDMAConfig
                0x08003a34      0x114 ./Drivers/STM32F7xx_HAL_Driver/Src/stm32f7xx_hal_eth.o
 .text.ETH_MACDMAConfig
                0x08003b48       0xea ./Drivers/STM32F7xx_HAL_Driver/Src/stm32f7xx_hal_eth.o
 *fill*         0x08003c32        0x2 
 .text.ETH_MACAddressConfig
                0x08003c34       0x70 ./Drivers/STM32F7xx_HAL_Driver/Src/stm32f7xx_hal_eth.o
 .text.ETH_DMATxDescListInit
                0x08003ca4       0xb2 ./Drivers/STM32F7xx_HAL_Driver/Src/stm32f7xx_hal_eth.o
 .text.ETH_DMARxDescListInit
                0x08003d56       0xde ./Drivers/STM32F7xx_HAL_Driver/Src/stm32f7xx_hal_eth.o
 .text.HAL_GPIO_Init
                0x08003e34      0x358 ./Drivers/STM32F7xx_HAL_Driver/Src/stm32f7xx_hal_gpio.o
                0x08003e34                HAL_GPIO_Init
 .text.HAL_GPIO_WritePin
                0x0800418c       0x32 ./Drivers/STM32F7xx_HAL_Driver/Src/stm32f7xx_hal_gpio.o
                0x0800418c                HAL_GPIO_WritePin
 *fill*         0x080041be        0x2 
 .text.HAL_GPIO_EXTI_IRQHandler
                0x080041c0       0x30 ./Drivers/STM32F7xx_HAL_Driver/Src/stm32f7xx_hal_gpio.o
                0x080041c0                HAL_GPIO_EXTI_IRQHandler
 .text.HAL_PCD_Init
                0x080041f0      0x22c ./Drivers/STM32F7xx_HAL_Driver/Src/stm32f7xx_hal_pcd.o
                0x080041f0                HAL_PCD_Init
 .text.HAL_PCDEx_ActivateLPM
                0x0800441c       0x48 ./Drivers/STM32F7xx_HAL_Driver/Src/stm32f7xx_hal_pcd_ex.o
                0x0800441c                HAL_PCDEx_ActivateLPM
 .text.HAL_PWR_EnableBkUpAccess
                0x08004464       0x20 ./Drivers/STM32F7xx_HAL_Driver/Src/stm32f7xx_hal_pwr.o
                0x08004464                HAL_PWR_EnableBkUpAccess
 .text.HAL_RCC_OscConfig
                0x08004484      0x548 ./Drivers/STM32F7xx_HAL_Driver/Src/stm32f7xx_hal_rcc.o
                0x08004484                HAL_RCC_OscConfig
 .text.HAL_RCC_ClockConfig
                0x080049cc      0x1d8 ./Drivers/STM32F7xx_HAL_Driver/Src/stm32f7xx_hal_rcc.o
                0x080049cc                HAL_RCC_ClockConfig
 .text.HAL_RCC_GetSysClockFreq
                0x08004ba4      0x20c ./Drivers/STM32F7xx_HAL_Driver/Src/stm32f7xx_hal_rcc.o
                0x08004ba4                HAL_RCC_GetSysClockFreq
 .text.HAL_RCC_GetHCLKFreq
                0x08004db0       0x18 ./Drivers/STM32F7xx_HAL_Driver/Src/stm32f7xx_hal_rcc.o
                0x08004db0                HAL_RCC_GetHCLKFreq
 .text.HAL_RCC_GetPCLK1Freq
                0x08004dc8       0x28 ./Drivers/STM32F7xx_HAL_Driver/Src/stm32f7xx_hal_rcc.o
                0x08004dc8                HAL_RCC_GetPCLK1Freq
 .text.HAL_RCC_GetPCLK2Freq
                0x08004df0       0x28 ./Drivers/STM32F7xx_HAL_Driver/Src/stm32f7xx_hal_rcc.o
                0x08004df0                HAL_RCC_GetPCLK2Freq
 .text.HAL_RCCEx_PeriphCLKConfig
                0x08004e18      0x7e0 ./Drivers/STM32F7xx_HAL_Driver/Src/stm32f7xx_hal_rcc_ex.o
                0x08004e18                HAL_RCCEx_PeriphCLKConfig
 .text.HAL_SPI_Init
                0x080055f8      0x156 ./Drivers/STM32F7xx_HAL_Driver/Src/stm32f7xx_hal_spi.o
                0x080055f8                HAL_SPI_Init
 .text.HAL_SPI_Transmit
                0x0800574e      0x2ea ./Drivers/STM32F7xx_HAL_Driver/Src/stm32f7xx_hal_spi.o
                0x0800574e                HAL_SPI_Transmit
 .text.HAL_SPI_Receive
                0x08005a38      0x26e ./Drivers/STM32F7xx_HAL_Driver/Src/stm32f7xx_hal_spi.o
                0x08005a38                HAL_SPI_Receive
 .text.HAL_SPI_TransmitReceive
                0x08005ca6      0x444 ./Drivers/STM32F7xx_HAL_Driver/Src/stm32f7xx_hal_spi.o
                0x08005ca6                HAL_SPI_TransmitReceive
 *fill*         0x080060ea        0x2 
 .text.SPI_WaitFlagStateUntilTimeout
                0x080060ec      0x110 ./Drivers/STM32F7xx_HAL_Driver/Src/stm32f7xx_hal_spi.o
 .text.SPI_WaitFifoStateUntilTimeout
                0x080061fc      0x12c ./Drivers/STM32F7xx_HAL_Driver/Src/stm32f7xx_hal_spi.o
 .text.SPI_EndRxTransaction
                0x08006328       0xf8 ./Drivers/STM32F7xx_HAL_Driver/Src/stm32f7xx_hal_spi.o
 .text.SPI_EndRxTxTransaction
                0x08006420       0xd4 ./Drivers/STM32F7xx_HAL_Driver/Src/stm32f7xx_hal_spi.o
 .text.HAL_TIM_Base_Init
                0x080064f4       0xae ./Drivers/STM32F7xx_HAL_Driver/Src/stm32f7xx_hal_tim.o
                0x080064f4                HAL_TIM_Base_Init
 *fill*         0x080065a2        0x2 
 .text.HAL_TIM_Base_Start_IT
                0x080065a4       0xf0 ./Drivers/STM32F7xx_HAL_Driver/Src/stm32f7xx_hal_tim.o
                0x080065a4                HAL_TIM_Base_Start_IT
 .text.HAL_TIM_IRQHandler
                0x08006694      0x20e ./Drivers/STM32F7xx_HAL_Driver/Src/stm32f7xx_hal_tim.o
                0x08006694                HAL_TIM_IRQHandler
 *fill*         0x080068a2        0x2 
 .text.HAL_TIM_ConfigClockSource
                0x080068a4      0x194 ./Drivers/STM32F7xx_HAL_Driver/Src/stm32f7xx_hal_tim.o
                0x080068a4                HAL_TIM_ConfigClockSource
 .text.HAL_TIM_OC_DelayElapsedCallback
                0x08006a38       0x14 ./Drivers/STM32F7xx_HAL_Driver/Src/stm32f7xx_hal_tim.o
                0x08006a38                HAL_TIM_OC_DelayElapsedCallback
 .text.HAL_TIM_IC_CaptureCallback
                0x08006a4c       0x14 ./Drivers/STM32F7xx_HAL_Driver/Src/stm32f7xx_hal_tim.o
                0x08006a4c                HAL_TIM_IC_CaptureCallback
 .text.HAL_TIM_PWM_PulseFinishedCallback
                0x08006a60       0x14 ./Drivers/STM32F7xx_HAL_Driver/Src/stm32f7xx_hal_tim.o
                0x08006a60                HAL_TIM_PWM_PulseFinishedCallback
 .text.HAL_TIM_TriggerCallback
                0x08006a74       0x14 ./Drivers/STM32F7xx_HAL_Driver/Src/stm32f7xx_hal_tim.o
                0x08006a74                HAL_TIM_TriggerCallback
 .text.TIM_Base_SetConfig
                0x08006a88      0x158 ./Drivers/STM32F7xx_HAL_Driver/Src/stm32f7xx_hal_tim.o
                0x08006a88                TIM_Base_SetConfig
 .text.TIM_TI1_ConfigInputStage
                0x08006be0       0x5e ./Drivers/STM32F7xx_HAL_Driver/Src/stm32f7xx_hal_tim.o
 .text.TIM_TI2_ConfigInputStage
                0x08006c3e       0x60 ./Drivers/STM32F7xx_HAL_Driver/Src/stm32f7xx_hal_tim.o
 .text.TIM_ITRx_SetConfig
                0x08006c9e       0x36 ./Drivers/STM32F7xx_HAL_Driver/Src/stm32f7xx_hal_tim.o
 .text.TIM_ETR_SetConfig
                0x08006cd4       0x40 ./Drivers/STM32F7xx_HAL_Driver/Src/stm32f7xx_hal_tim.o
                0x08006cd4                TIM_ETR_SetConfig
 .text.HAL_TIMEx_MasterConfigSynchronization
                0x08006d14      0x11c ./Drivers/STM32F7xx_HAL_Driver/Src/stm32f7xx_hal_tim_ex.o
                0x08006d14                HAL_TIMEx_MasterConfigSynchronization
 .text.HAL_TIMEx_CommutCallback
                0x08006e30       0x14 ./Drivers/STM32F7xx_HAL_Driver/Src/stm32f7xx_hal_tim_ex.o
                0x08006e30                HAL_TIMEx_CommutCallback
 .text.HAL_TIMEx_BreakCallback
                0x08006e44       0x14 ./Drivers/STM32F7xx_HAL_Driver/Src/stm32f7xx_hal_tim_ex.o
                0x08006e44                HAL_TIMEx_BreakCallback
 .text.HAL_TIMEx_Break2Callback
                0x08006e58       0x14 ./Drivers/STM32F7xx_HAL_Driver/Src/stm32f7xx_hal_tim_ex.o
                0x08006e58                HAL_TIMEx_Break2Callback
 .text.HAL_UART_Init
                0x08006e6c       0x9c ./Drivers/STM32F7xx_HAL_Driver/Src/stm32f7xx_hal_uart.o
                0x08006e6c                HAL_UART_Init
 .text.HAL_UART_Transmit
                0x08006f08      0x112 ./Drivers/STM32F7xx_HAL_Driver/Src/stm32f7xx_hal_uart.o
                0x08006f08                HAL_UART_Transmit
 .text.HAL_UART_Receive_IT
                0x0800701a       0x88 ./Drivers/STM32F7xx_HAL_Driver/Src/stm32f7xx_hal_uart.o
                0x0800701a                HAL_UART_Receive_IT
 *fill*         0x080070a2        0x2 
 .text.HAL_UART_IRQHandler
                0x080070a4      0x5a4 ./Drivers/STM32F7xx_HAL_Driver/Src/stm32f7xx_hal_uart.o
                0x080070a4                HAL_UART_IRQHandler
 .text.HAL_UART_TxCpltCallback
                0x08007648       0x14 ./Drivers/STM32F7xx_HAL_Driver/Src/stm32f7xx_hal_uart.o
                0x08007648                HAL_UART_TxCpltCallback
 .text.HAL_UART_ErrorCallback
                0x0800765c       0x14 ./Drivers/STM32F7xx_HAL_Driver/Src/stm32f7xx_hal_uart.o
                0x0800765c                HAL_UART_ErrorCallback
 .text.HAL_UARTEx_RxEventCallback
                0x08007670       0x18 ./Drivers/STM32F7xx_HAL_Driver/Src/stm32f7xx_hal_uart.o
                0x08007670                HAL_UARTEx_RxEventCallback
 .text.UART_SetConfig
                0x08007688      0x4c8 ./Drivers/STM32F7xx_HAL_Driver/Src/stm32f7xx_hal_uart.o
                0x08007688                UART_SetConfig
 .text.UART_AdvFeatureConfig
                0x08007b50      0x144 ./Drivers/STM32F7xx_HAL_Driver/Src/stm32f7xx_hal_uart.o
                0x08007b50                UART_AdvFeatureConfig
 .text.UART_CheckIdleState
                0x08007c94       0xae ./Drivers/STM32F7xx_HAL_Driver/Src/stm32f7xx_hal_uart.o
                0x08007c94                UART_CheckIdleState
 .text.UART_WaitOnFlagUntilTimeout
                0x08007d42       0xda ./Drivers/STM32F7xx_HAL_Driver/Src/stm32f7xx_hal_uart.o
                0x08007d42                UART_WaitOnFlagUntilTimeout
 .text.UART_Start_Receive_IT
                0x08007e1c      0x18c ./Drivers/STM32F7xx_HAL_Driver/Src/stm32f7xx_hal_uart.o
                0x08007e1c                UART_Start_Receive_IT
 .text.UART_EndRxTransfer
                0x08007fa8       0xc8 ./Drivers/STM32F7xx_HAL_Driver/Src/stm32f7xx_hal_uart.o
 .text.UART_DMAAbortOnError
                0x08008070       0x2c ./Drivers/STM32F7xx_HAL_Driver/Src/stm32f7xx_hal_uart.o
 .text.UART_EndTransmit_IT
                0x0800809c       0x54 ./Drivers/STM32F7xx_HAL_Driver/Src/stm32f7xx_hal_uart.o
 .text.UART_RxISR_8BIT
                0x080080f0      0x1a8 ./Drivers/STM32F7xx_HAL_Driver/Src/stm32f7xx_hal_uart.o
 .text.UART_RxISR_16BIT
                0x08008298      0x1a8 ./Drivers/STM32F7xx_HAL_Driver/Src/stm32f7xx_hal_uart.o
 .text.USB_CoreInit
                0x08008440       0xb4 ./Drivers/STM32F7xx_HAL_Driver/Src/stm32f7xx_ll_usb.o
                0x08008440                USB_CoreInit
 .text.USB_DisableGlobalInt
                0x080084f4       0x22 ./Drivers/STM32F7xx_HAL_Driver/Src/stm32f7xx_ll_usb.o
                0x080084f4                USB_DisableGlobalInt
 .text.USB_SetCurrentMode
                0x08008516       0x98 ./Drivers/STM32F7xx_HAL_Driver/Src/stm32f7xx_ll_usb.o
                0x08008516                USB_SetCurrentMode
 *fill*         0x080085ae        0x2 
 .text.USB_DevInit
                0x080085b0      0x2bc ./Drivers/STM32F7xx_HAL_Driver/Src/stm32f7xx_ll_usb.o
                0x080085b0                USB_DevInit
 .text.USB_FlushTxFifo
                0x0800886c       0x64 ./Drivers/STM32F7xx_HAL_Driver/Src/stm32f7xx_ll_usb.o
                0x0800886c                USB_FlushTxFifo
 .text.USB_FlushRxFifo
                0x080088d0       0x5c ./Drivers/STM32F7xx_HAL_Driver/Src/stm32f7xx_ll_usb.o
                0x080088d0                USB_FlushRxFifo
 .text.USB_SetDevSpeed
                0x0800892c       0x32 ./Drivers/STM32F7xx_HAL_Driver/Src/stm32f7xx_ll_usb.o
                0x0800892c                USB_SetDevSpeed
 .text.USB_DevDisconnect
                0x0800895e       0x42 ./Drivers/STM32F7xx_HAL_Driver/Src/stm32f7xx_ll_usb.o
                0x0800895e                USB_DevDisconnect
 .text.USB_GetMode
                0x080089a0       0x1c ./Drivers/STM32F7xx_HAL_Driver/Src/stm32f7xx_ll_usb.o
                0x080089a0                USB_GetMode
 .text.USB_CoreReset
                0x080089bc       0x62 ./Drivers/STM32F7xx_HAL_Driver/Src/stm32f7xx_ll_usb.o
 *fill*         0x08008a1e        0x2 
 .text._strtol_l.constprop.0
                0x08008a20       0xf4 C:/Pliki/ST/STM32CubeIDE_1.16.1/STM32CubeIDE/plugins/com.st.stm32cube.ide.mcu.externaltools.gnu-tools-for-stm32.12.3.rel1.win32_1.0.200.202406191623/tools/bin/../lib/gcc/arm-none-eabi/12.3.1/../../../../arm-none-eabi/lib/thumb/v7e-m+fp/hard\libc_nano.a(libc_a-strtol.o)
 .text.strtol   0x08008b14       0x14 C:/Pliki/ST/STM32CubeIDE_1.16.1/STM32CubeIDE/plugins/com.st.stm32cube.ide.mcu.externaltools.gnu-tools-for-stm32.12.3.rel1.win32_1.0.200.202406191623/tools/bin/../lib/gcc/arm-none-eabi/12.3.1/../../../../arm-none-eabi/lib/thumb/v7e-m+fp/hard\libc_nano.a(libc_a-strtol.o)
                0x08008b14                strtol
 .text.sprintf  0x08008b28       0x40 C:/Pliki/ST/STM32CubeIDE_1.16.1/STM32CubeIDE/plugins/com.st.stm32cube.ide.mcu.externaltools.gnu-tools-for-stm32.12.3.rel1.win32_1.0.200.202406191623/tools/bin/../lib/gcc/arm-none-eabi/12.3.1/../../../../arm-none-eabi/lib/thumb/v7e-m+fp/hard\libc_nano.a(libc_a-sprintf.o)
                0x08008b28                siprintf
                0x08008b28                sprintf
 .text.memset   0x08008b68       0x10 C:/Pliki/ST/STM32CubeIDE_1.16.1/STM32CubeIDE/plugins/com.st.stm32cube.ide.mcu.externaltools.gnu-tools-for-stm32.12.3.rel1.win32_1.0.200.202406191623/tools/bin/../lib/gcc/arm-none-eabi/12.3.1/../../../../arm-none-eabi/lib/thumb/v7e-m+fp/hard\libc_nano.a(libc_a-memset.o)
                0x08008b68                memset
 .text.__errno  0x08008b78        0xc C:/Pliki/ST/STM32CubeIDE_1.16.1/STM32CubeIDE/plugins/com.st.stm32cube.ide.mcu.externaltools.gnu-tools-for-stm32.12.3.rel1.win32_1.0.200.202406191623/tools/bin/../lib/gcc/arm-none-eabi/12.3.1/../../../../arm-none-eabi/lib/thumb/v7e-m+fp/hard\libc_nano.a(libc_a-errno.o)
                0x08008b78                __errno
 .text.__libc_init_array
                0x08008b84       0x48 C:/Pliki/ST/STM32CubeIDE_1.16.1/STM32CubeIDE/plugins/com.st.stm32cube.ide.mcu.externaltools.gnu-tools-for-stm32.12.3.rel1.win32_1.0.200.202406191623/tools/bin/../lib/gcc/arm-none-eabi/12.3.1/../../../../arm-none-eabi/lib/thumb/v7e-m+fp/hard\libc_nano.a(libc_a-init.o)
                0x08008b84                __libc_init_array
 .text.__retarget_lock_acquire_recursive
                0x08008bcc        0x2 C:/Pliki/ST/STM32CubeIDE_1.16.1/STM32CubeIDE/plugins/com.st.stm32cube.ide.mcu.externaltools.gnu-tools-for-stm32.12.3.rel1.win32_1.0.200.202406191623/tools/bin/../lib/gcc/arm-none-eabi/12.3.1/../../../../arm-none-eabi/lib/thumb/v7e-m+fp/hard\libc_nano.a(libc_a-lock.o)
                0x08008bcc                __retarget_lock_acquire_recursive
 .text.__retarget_lock_release_recursive
                0x08008bce        0x2 C:/Pliki/ST/STM32CubeIDE_1.16.1/STM32CubeIDE/plugins/com.st.stm32cube.ide.mcu.externaltools.gnu-tools-for-stm32.12.3.rel1.win32_1.0.200.202406191623/tools/bin/../lib/gcc/arm-none-eabi/12.3.1/../../../../arm-none-eabi/lib/thumb/v7e-m+fp/hard\libc_nano.a(libc_a-lock.o)
                0x08008bce                __retarget_lock_release_recursive
 .text._free_r  0x08008bd0       0x94 C:/Pliki/ST/STM32CubeIDE_1.16.1/STM32CubeIDE/plugins/com.st.stm32cube.ide.mcu.externaltools.gnu-tools-for-stm32.12.3.rel1.win32_1.0.200.202406191623/tools/bin/../lib/gcc/arm-none-eabi/12.3.1/../../../../arm-none-eabi/lib/thumb/v7e-m+fp/hard\libc_nano.a(libc_a-freer.o)
                0x08008bd0                _free_r
 .text.sbrk_aligned
                0x08008c64       0x44 C:/Pliki/ST/STM32CubeIDE_1.16.1/STM32CubeIDE/plugins/com.st.stm32cube.ide.mcu.externaltools.gnu-tools-for-stm32.12.3.rel1.win32_1.0.200.202406191623/tools/bin/../lib/gcc/arm-none-eabi/12.3.1/../../../../arm-none-eabi/lib/thumb/v7e-m+fp/hard\libc_nano.a(libc_a-mallocr.o)
 .text._malloc_r
                0x08008ca8      0x100 C:/Pliki/ST/STM32CubeIDE_1.16.1/STM32CubeIDE/plugins/com.st.stm32cube.ide.mcu.externaltools.gnu-tools-for-stm32.12.3.rel1.win32_1.0.200.202406191623/tools/bin/../lib/gcc/arm-none-eabi/12.3.1/../../../../arm-none-eabi/lib/thumb/v7e-m+fp/hard\libc_nano.a(libc_a-mallocr.o)
                0x08008ca8                _malloc_r
 .text.__malloc_lock
                0x08008da8        0xc C:/Pliki/ST/STM32CubeIDE_1.16.1/STM32CubeIDE/plugins/com.st.stm32cube.ide.mcu.externaltools.gnu-tools-for-stm32.12.3.rel1.win32_1.0.200.202406191623/tools/bin/../lib/gcc/arm-none-eabi/12.3.1/../../../../arm-none-eabi/lib/thumb/v7e-m+fp/hard\libc_nano.a(libc_a-mlock.o)
                0x08008da8                __malloc_lock
 .text.__malloc_unlock
                0x08008db4        0xc C:/Pliki/ST/STM32CubeIDE_1.16.1/STM32CubeIDE/plugins/com.st.stm32cube.ide.mcu.externaltools.gnu-tools-for-stm32.12.3.rel1.win32_1.0.200.202406191623/tools/bin/../lib/gcc/arm-none-eabi/12.3.1/../../../../arm-none-eabi/lib/thumb/v7e-m+fp/hard\libc_nano.a(libc_a-mlock.o)
                0x08008db4                __malloc_unlock
 .text.__ssputs_r
                0x08008dc0       0xb6 C:/Pliki/ST/STM32CubeIDE_1.16.1/STM32CubeIDE/plugins/com.st.stm32cube.ide.mcu.externaltools.gnu-tools-for-stm32.12.3.rel1.win32_1.0.200.202406191623/tools/bin/../lib/gcc/arm-none-eabi/12.3.1/../../../../arm-none-eabi/lib/thumb/v7e-m+fp/hard\libc_nano.a(libc_a-nano-svfprintf.o)
                0x08008dc0                __ssputs_r
 *fill*         0x08008e76        0x2 
 .text._svfprintf_r
                0x08008e78      0x1f8 C:/Pliki/ST/STM32CubeIDE_1.16.1/STM32CubeIDE/plugins/com.st.stm32cube.ide.mcu.externaltools.gnu-tools-for-stm32.12.3.rel1.win32_1.0.200.202406191623/tools/bin/../lib/gcc/arm-none-eabi/12.3.1/../../../../arm-none-eabi/lib/thumb/v7e-m+fp/hard\libc_nano.a(libc_a-nano-svfprintf.o)
                0x08008e78                _svfiprintf_r
                0x08008e78                _svfprintf_r
 .text._printf_common
                0x08009070       0xda C:/Pliki/ST/STM32CubeIDE_1.16.1/STM32CubeIDE/plugins/com.st.stm32cube.ide.mcu.externaltools.gnu-tools-for-stm32.12.3.rel1.win32_1.0.200.202406191623/tools/bin/../lib/gcc/arm-none-eabi/12.3.1/../../../../arm-none-eabi/lib/thumb/v7e-m+fp/hard\libc_nano.a(libc_a-nano-vfprintf_i.o)
                0x08009070                _printf_common
 *fill*         0x0800914a        0x2 
 .text._printf_i
                0x0800914c      0x240 C:/Pliki/ST/STM32CubeIDE_1.16.1/STM32CubeIDE/plugins/com.st.stm32cube.ide.mcu.externaltools.gnu-tools-for-stm32.12.3.rel1.win32_1.0.200.202406191623/tools/bin/../lib/gcc/arm-none-eabi/12.3.1/../../../../arm-none-eabi/lib/thumb/v7e-m+fp/hard\libc_nano.a(libc_a-nano-vfprintf_i.o)
                0x0800914c                _printf_i
 .text.memmove  0x0800938c       0x34 C:/Pliki/ST/STM32CubeIDE_1.16.1/STM32CubeIDE/plugins/com.st.stm32cube.ide.mcu.externaltools.gnu-tools-for-stm32.12.3.rel1.win32_1.0.200.202406191623/tools/bin/../lib/gcc/arm-none-eabi/12.3.1/../../../../arm-none-eabi/lib/thumb/v7e-m+fp/hard\libc_nano.a(libc_a-memmove.o)
                0x0800938c                memmove
 .text._sbrk_r  0x080093c0       0x20 C:/Pliki/ST/STM32CubeIDE_1.16.1/STM32CubeIDE/plugins/com.st.stm32cube.ide.mcu.externaltools.gnu-tools-for-stm32.12.3.rel1.win32_1.0.200.202406191623/tools/bin/../lib/gcc/arm-none-eabi/12.3.1/../../../../arm-none-eabi/lib/thumb/v7e-m+fp/hard\libc_nano.a(libc_a-sbrkr.o)
                0x080093c0                _sbrk_r
 .text.memcpy   0x080093e0       0x1c C:/Pliki/ST/STM32CubeIDE_1.16.1/STM32CubeIDE/plugins/com.st.stm32cube.ide.mcu.externaltools.gnu-tools-for-stm32.12.3.rel1.win32_1.0.200.202406191623/tools/bin/../lib/gcc/arm-none-eabi/12.3.1/../../../../arm-none-eabi/lib/thumb/v7e-m+fp/hard\libc_nano.a(libc_a-memcpy-stub.o)
                0x080093e0                memcpy
 .text._realloc_r
                0x080093fc       0x5c C:/Pliki/ST/STM32CubeIDE_1.16.1/STM32CubeIDE/plugins/com.st.stm32cube.ide.mcu.externaltools.gnu-tools-for-stm32.12.3.rel1.win32_1.0.200.202406191623/tools/bin/../lib/gcc/arm-none-eabi/12.3.1/../../../../arm-none-eabi/lib/thumb/v7e-m+fp/hard\libc_nano.a(libc_a-reallocr.o)
                0x080093fc                _realloc_r
 .text._malloc_usable_size_r
                0x08009458       0x10 C:/Pliki/ST/STM32CubeIDE_1.16.1/STM32CubeIDE/plugins/com.st.stm32cube.ide.mcu.externaltools.gnu-tools-for-stm32.12.3.rel1.win32_1.0.200.202406191623/tools/bin/../lib/gcc/arm-none-eabi/12.3.1/../../../../arm-none-eabi/lib/thumb/v7e-m+fp/hard\libc_nano.a(libc_a-msizer.o)
                0x08009458                _malloc_usable_size_r
 *(.glue_7)
 .glue_7        0x08009468        0x0 linker stubs
 *(.glue_7t)
 .glue_7t       0x08009468        0x0 linker stubs
 *(.eh_frame)
 .eh_frame      0x08009468        0x0 C:/Pliki/ST/STM32CubeIDE_1.16.1/STM32CubeIDE/plugins/com.st.stm32cube.ide.mcu.externaltools.gnu-tools-for-stm32.12.3.rel1.win32_1.0.200.202406191623/tools/bin/../lib/gcc/arm-none-eabi/12.3.1/thumb/v7e-m+fp/hard/crtbegin.o
 *(.init)
 .init          0x08009468        0x4 C:/Pliki/ST/STM32CubeIDE_1.16.1/STM32CubeIDE/plugins/com.st.stm32cube.ide.mcu.externaltools.gnu-tools-for-stm32.12.3.rel1.win32_1.0.200.202406191623/tools/bin/../lib/gcc/arm-none-eabi/12.3.1/thumb/v7e-m+fp/hard/crti.o
                0x08009468                _init
 .init          0x0800946c        0x8 C:/Pliki/ST/STM32CubeIDE_1.16.1/STM32CubeIDE/plugins/com.st.stm32cube.ide.mcu.externaltools.gnu-tools-for-stm32.12.3.rel1.win32_1.0.200.202406191623/tools/bin/../lib/gcc/arm-none-eabi/12.3.1/thumb/v7e-m+fp/hard/crtn.o
 *(.fini)
 .fini          0x08009474        0x4 C:/Pliki/ST/STM32CubeIDE_1.16.1/STM32CubeIDE/plugins/com.st.stm32cube.ide.mcu.externaltools.gnu-tools-for-stm32.12.3.rel1.win32_1.0.200.202406191623/tools/bin/../lib/gcc/arm-none-eabi/12.3.1/thumb/v7e-m+fp/hard/crti.o
                0x08009474                _fini
 .fini          0x08009478        0x8 C:/Pliki/ST/STM32CubeIDE_1.16.1/STM32CubeIDE/plugins/com.st.stm32cube.ide.mcu.externaltools.gnu-tools-for-stm32.12.3.rel1.win32_1.0.200.202406191623/tools/bin/../lib/gcc/arm-none-eabi/12.3.1/thumb/v7e-m+fp/hard/crtn.o
                0x08009480                        . = ALIGN (0x4)
                0x08009480                        _etext = .

.vfp11_veneer   0x08009480        0x0
 .vfp11_veneer  0x08009480        0x0 linker stubs

.v4_bx          0x08009480        0x0
 .v4_bx         0x08009480        0x0 linker stubs

.iplt           0x08009480        0x0
 .iplt          0x08009480        0x0 C:/Pliki/ST/STM32CubeIDE_1.16.1/STM32CubeIDE/plugins/com.st.stm32cube.ide.mcu.externaltools.gnu-tools-for-stm32.12.3.rel1.win32_1.0.200.202406191623/tools/bin/../lib/gcc/arm-none-eabi/12.3.1/thumb/v7e-m+fp/hard/crtbegin.o

.rodata         0x08009480      0x1e0
                0x08009480                        . = ALIGN (0x4)
 *(.rodata)
 .rodata        0x08009480       0x34 ./Core/Src/bmp2.o
 .rodata        0x080094b4       0x5f ./Core/Src/main.o
 *(.rodata*)
 *fill*         0x08009513        0x1 
 .rodata.AHBPrescTable
                0x08009514       0x10 ./Core/Src/system_stm32f7xx.o
                0x08009514                AHBPrescTable
 .rodata.APBPrescTable
                0x08009524        0x8 ./Core/Src/system_stm32f7xx.o
                0x08009524                APBPrescTable
 .rodata._ctype_
                0x0800952c      0x101 C:/Pliki/ST/STM32CubeIDE_1.16.1/STM32CubeIDE/plugins/com.st.stm32cube.ide.mcu.externaltools.gnu-tools-for-stm32.12.3.rel1.win32_1.0.200.202406191623/tools/bin/../lib/gcc/arm-none-eabi/12.3.1/../../../../arm-none-eabi/lib/thumb/v7e-m+fp/hard\libc_nano.a(libc_a-ctype_.o)
                0x0800952c                _ctype_
 .rodata._svfprintf_r.str1.1
                0x0800962d       0x11 C:/Pliki/ST/STM32CubeIDE_1.16.1/STM32CubeIDE/plugins/com.st.stm32cube.ide.mcu.externaltools.gnu-tools-for-stm32.12.3.rel1.win32_1.0.200.202406191623/tools/bin/../lib/gcc/arm-none-eabi/12.3.1/../../../../arm-none-eabi/lib/thumb/v7e-m+fp/hard\libc_nano.a(libc_a-nano-svfprintf.o)
 .rodata._printf_i.str1.1
                0x0800963e       0x22 C:/Pliki/ST/STM32CubeIDE_1.16.1/STM32CubeIDE/plugins/com.st.stm32cube.ide.mcu.externaltools.gnu-tools-for-stm32.12.3.rel1.win32_1.0.200.202406191623/tools/bin/../lib/gcc/arm-none-eabi/12.3.1/../../../../arm-none-eabi/lib/thumb/v7e-m+fp/hard\libc_nano.a(libc_a-nano-vfprintf_i.o)
                0x08009660                        . = ALIGN (0x4)

.ARM.extab      0x08009660        0x0
                0x08009660                        . = ALIGN (0x4)
 *(.ARM.extab* .gnu.linkonce.armextab.*)
                0x08009660                        . = ALIGN (0x4)

.ARM            0x08009660        0x8
                0x08009660                        . = ALIGN (0x4)
                0x08009660                        __exidx_start = .
 *(.ARM.exidx*)
 .ARM.exidx     0x08009660        0x8 C:/Pliki/ST/STM32CubeIDE_1.16.1/STM32CubeIDE/plugins/com.st.stm32cube.ide.mcu.externaltools.gnu-tools-for-stm32.12.3.rel1.win32_1.0.200.202406191623/tools/bin/../lib/gcc/arm-none-eabi/12.3.1/../../../../arm-none-eabi/lib/thumb/v7e-m+fp/hard\libc_nano.a(libc_a-memchr.o)
 .ARM.exidx     0x08009668        0x0 C:/Pliki/ST/STM32CubeIDE_1.16.1/STM32CubeIDE/plugins/com.st.stm32cube.ide.mcu.externaltools.gnu-tools-for-stm32.12.3.rel1.win32_1.0.200.202406191623/tools/bin/../lib/gcc/arm-none-eabi/12.3.1/thumb/v7e-m+fp/hard\libgcc.a(_udivmoddi4.o)
                                  0x8 (size before relaxing)
                0x08009668                        __exidx_end = .
                0x08009668                        . = ALIGN (0x4)

.preinit_array  0x08009668        0x0
                0x08009668                        . = ALIGN (0x4)
                0x08009668                        PROVIDE (__preinit_array_start = .)
 *(.preinit_array*)
                0x08009668                        PROVIDE (__preinit_array_end = .)
                0x08009668                        . = ALIGN (0x4)

.init_array     0x08009668        0x4
                0x08009668                        . = ALIGN (0x4)
                0x08009668                        PROVIDE (__init_array_start = .)
 *(SORT_BY_NAME(.init_array.*))
 *(.init_array*)
 .init_array    0x08009668        0x4 C:/Pliki/ST/STM32CubeIDE_1.16.1/STM32CubeIDE/plugins/com.st.stm32cube.ide.mcu.externaltools.gnu-tools-for-stm32.12.3.rel1.win32_1.0.200.202406191623/tools/bin/../lib/gcc/arm-none-eabi/12.3.1/thumb/v7e-m+fp/hard/crtbegin.o
                0x0800966c                        PROVIDE (__init_array_end = .)
                0x0800966c                        . = ALIGN (0x4)

.fini_array     0x0800966c        0x4
                0x0800966c                        . = ALIGN (0x4)
                [!provide]                        PROVIDE (__fini_array_start = .)
 *(SORT_BY_NAME(.fini_array.*))
 *(.fini_array*)
 .fini_array    0x0800966c        0x4 C:/Pliki/ST/STM32CubeIDE_1.16.1/STM32CubeIDE/plugins/com.st.stm32cube.ide.mcu.externaltools.gnu-tools-for-stm32.12.3.rel1.win32_1.0.200.202406191623/tools/bin/../lib/gcc/arm-none-eabi/12.3.1/thumb/v7e-m+fp/hard/crtbegin.o
                [!provide]                        PROVIDE (__fini_array_end = .)
                0x08009670                        . = ALIGN (0x4)
                0x08009670                        _sidata = LOADADDR (.data)

.rel.dyn        0x08009670        0x0
 .rel.iplt      0x08009670        0x0 C:/Pliki/ST/STM32CubeIDE_1.16.1/STM32CubeIDE/plugins/com.st.stm32cube.ide.mcu.externaltools.gnu-tools-for-stm32.12.3.rel1.win32_1.0.200.202406191623/tools/bin/../lib/gcc/arm-none-eabi/12.3.1/thumb/v7e-m+fp/hard/crtbegin.o

.data           0x20000000       0xb8 load address 0x08009670
                0x20000000                        . = ALIGN (0x4)
                0x20000000                        _sdata = .
 *(.data)
 *(.data*)
 .data.hbmp2    0x20000000       0x18 ./Core/Src/bmp2_config.o
                0x20000000                hbmp2
 .data.bmp2dev  0x20000018       0x3c ./Core/Src/bmp2_config.o
                0x20000018                bmp2dev
 .data.rx_msg_len
                0x20000054        0x4 ./Core/Src/main.o
                0x20000054                rx_msg_len
 .data.war_max  0x20000058        0x2 ./Core/Src/main.o
                0x20000058                war_max
 .data.war_min  0x2000005a        0x2 ./Core/Src/main.o
                0x2000005a                war_min
 .data.SystemCoreClock
                0x2000005c        0x4 ./Core/Src/system_stm32f7xx.o
                0x2000005c                SystemCoreClock
 .data.uwTickPrio
                0x20000060        0x4 ./Drivers/STM32F7xx_HAL_Driver/Src/stm32f7xx_hal.o
                0x20000060                uwTickPrio
 .data.uwTickFreq
                0x20000064        0x1 ./Drivers/STM32F7xx_HAL_Driver/Src/stm32f7xx_hal.o
                0x20000064                uwTickFreq
 *fill*         0x20000065        0x3 
 .data._impure_ptr
                0x20000068        0x4 C:/Pliki/ST/STM32CubeIDE_1.16.1/STM32CubeIDE/plugins/com.st.stm32cube.ide.mcu.externaltools.gnu-tools-for-stm32.12.3.rel1.win32_1.0.200.202406191623/tools/bin/../lib/gcc/arm-none-eabi/12.3.1/../../../../arm-none-eabi/lib/thumb/v7e-m+fp/hard\libc_nano.a(libc_a-impure.o)
                0x20000068                _impure_ptr
 .data._impure_data
                0x2000006c       0x4c C:/Pliki/ST/STM32CubeIDE_1.16.1/STM32CubeIDE/plugins/com.st.stm32cube.ide.mcu.externaltools.gnu-tools-for-stm32.12.3.rel1.win32_1.0.200.202406191623/tools/bin/../lib/gcc/arm-none-eabi/12.3.1/../../../../arm-none-eabi/lib/thumb/v7e-m+fp/hard\libc_nano.a(libc_a-impure.o)
                0x2000006c                _impure_data
 *(.RamFunc)
 *(.RamFunc*)
                0x200000b8                        . = ALIGN (0x4)
                0x200000b8                        _edata = .

.igot.plt       0x200000b8        0x0 load address 0x08009728
 .igot.plt      0x200000b8        0x0 C:/Pliki/ST/STM32CubeIDE_1.16.1/STM32CubeIDE/plugins/com.st.stm32cube.ide.mcu.externaltools.gnu-tools-for-stm32.12.3.rel1.win32_1.0.200.202406191623/tools/bin/../lib/gcc/arm-none-eabi/12.3.1/thumb/v7e-m+fp/hard/crtbegin.o

.RxDecripSection
                0x200000b8       0xa0 load address 0x08009728
 .RxDecripSection
                0x200000b8       0xa0 ./Core/Src/eth.o
                0x200000b8                DMARxDscrTab

.TxDecripSection
                0x20000158       0xa0 load address 0x080097c8
 .TxDecripSection
                0x20000158       0xa0 ./Core/Src/eth.o
                0x20000158                DMATxDscrTab
                0x200001f8                        . = ALIGN (0x4)

.bss            0x200001f8      0xb1c load address 0x08009868
                0x200001f8                        _sbss = .
                0x200001f8                        __bss_start__ = _sbss
 *(.bss)
 .bss           0x200001f8       0x1c C:/Pliki/ST/STM32CubeIDE_1.16.1/STM32CubeIDE/plugins/com.st.stm32cube.ide.mcu.externaltools.gnu-tools-for-stm32.12.3.rel1.win32_1.0.200.202406191623/tools/bin/../lib/gcc/arm-none-eabi/12.3.1/thumb/v7e-m+fp/hard/crtbegin.o
 *(.bss*)
 .bss.TxConfig  0x20000214       0x38 ./Core/Src/eth.o
                0x20000214                TxConfig
 .bss.heth      0x2000024c       0xb0 ./Core/Src/eth.o
                0x2000024c                heth
 .bss.MACAddr.0
                0x200002fc        0x6 ./Core/Src/eth.o
 *fill*         0x20000302        0x6 
 .bss.temp      0x20000308        0x8 ./Core/Src/main.o
                0x20000308                temp
 .bss.press     0x20000310        0x8 ./Core/Src/main.o
                0x20000310                press
 .bss.tx_buffer
                0x20000318      0x200 ./Core/Src/main.o
                0x20000318                tx_buffer
 .bss.rx_buffer
                0x20000518       0x78 ./Core/Src/main.o
                0x20000518                rx_buffer
 .bss.tx_msg_len
                0x20000590        0x4 ./Core/Src/main.o
                0x20000590                tx_msg_len
 .bss.press_calk
                0x20000594        0x4 ./Core/Src/main.o
                0x20000594                press_calk
 .bss.temp_calk
                0x20000598        0x4 ./Core/Src/main.o
                0x20000598                temp_calk
 .bss.temp_zadana
                0x2000059c        0x4 ./Core/Src/main.o
                0x2000059c                temp_zadana
 .bss.wartosc_odebrana
                0x200005a0        0x4 ./Core/Src/main.o
                0x200005a0                wartosc_odebrana
 .bss.grzanie   0x200005a4        0x1 ./Core/Src/main.o
                0x200005a4                grzanie
 .bss.chlodzenie
                0x200005a5        0x1 ./Core/Src/main.o
                0x200005a5                chlodzenie
 .bss.odebrane_znaki
                0x200005a6        0x2 ./Core/Src/main.o
                0x200005a6                odebrane_znaki
 .bss.prosba_temp
                0x200005a8        0x2 ./Core/Src/main.o
                0x200005a8                prosba_temp
 *fill*         0x200005aa        0x2 
 .bss.hspi4     0x200005ac       0x64 ./Core/Src/spi.o
                0x200005ac                hspi4
 .bss.__sbrk_heap_end
                0x20000610        0x4 ./Core/Src/sysmem.o
 .bss.htim4     0x20000614       0x4c ./Core/Src/tim.o
                0x20000614                htim4
 .bss.huart3    0x20000660       0x88 ./Core/Src/usart.o
                0x20000660                huart3
 .bss.hpcd_USB_OTG_FS
                0x200006e8      0x4e0 ./Core/Src/usb_otg.o
                0x200006e8                hpcd_USB_OTG_FS
 .bss.uwTick    0x20000bc8        0x4 ./Drivers/STM32F7xx_HAL_Driver/Src/stm32f7xx_hal.o
                0x20000bc8                uwTick
 .bss.__sf      0x20000bcc      0x138 C:/Pliki/ST/STM32CubeIDE_1.16.1/STM32CubeIDE/plugins/com.st.stm32cube.ide.mcu.externaltools.gnu-tools-for-stm32.12.3.rel1.win32_1.0.200.202406191623/tools/bin/../lib/gcc/arm-none-eabi/12.3.1/../../../../arm-none-eabi/lib/thumb/v7e-m+fp/hard\libc_nano.a(libc_a-findfp.o)
                0x20000bcc                __sf
 .bss.errno     0x20000d04        0x4 C:/Pliki/ST/STM32CubeIDE_1.16.1/STM32CubeIDE/plugins/com.st.stm32cube.ide.mcu.externaltools.gnu-tools-for-stm32.12.3.rel1.win32_1.0.200.202406191623/tools/bin/../lib/gcc/arm-none-eabi/12.3.1/../../../../arm-none-eabi/lib/thumb/v7e-m+fp/hard\libc_nano.a(libc_a-reent.o)
                0x20000d04                errno
 .bss.__lock___malloc_recursive_mutex
                0x20000d08        0x1 C:/Pliki/ST/STM32CubeIDE_1.16.1/STM32CubeIDE/plugins/com.st.stm32cube.ide.mcu.externaltools.gnu-tools-for-stm32.12.3.rel1.win32_1.0.200.202406191623/tools/bin/../lib/gcc/arm-none-eabi/12.3.1/../../../../arm-none-eabi/lib/thumb/v7e-m+fp/hard\libc_nano.a(libc_a-lock.o)
                0x20000d08                __lock___malloc_recursive_mutex
 *fill*         0x20000d09        0x3 
 .bss.__malloc_sbrk_start
                0x20000d0c        0x4 C:/Pliki/ST/STM32CubeIDE_1.16.1/STM32CubeIDE/plugins/com.st.stm32cube.ide.mcu.externaltools.gnu-tools-for-stm32.12.3.rel1.win32_1.0.200.202406191623/tools/bin/../lib/gcc/arm-none-eabi/12.3.1/../../../../arm-none-eabi/lib/thumb/v7e-m+fp/hard\libc_nano.a(libc_a-mallocr.o)
                0x20000d0c                __malloc_sbrk_start
 .bss.__malloc_free_list
                0x20000d10        0x4 C:/Pliki/ST/STM32CubeIDE_1.16.1/STM32CubeIDE/plugins/com.st.stm32cube.ide.mcu.externaltools.gnu-tools-for-stm32.12.3.rel1.win32_1.0.200.202406191623/tools/bin/../lib/gcc/arm-none-eabi/12.3.1/../../../../arm-none-eabi/lib/thumb/v7e-m+fp/hard\libc_nano.a(libc_a-mallocr.o)
                0x20000d10                __malloc_free_list
 *(COMMON)
                0x20000d14                        . = ALIGN (0x4)
                0x20000d14                        _ebss = .
                0x20000d14                        __bss_end__ = _ebss

._user_heap_stack
                0x20000d14      0x604 load address 0x08009868
                0x20000d18                        . = ALIGN (0x8)
 *fill*         0x20000d14        0x4 
                [!provide]                        PROVIDE (end = .)
                0x20000d18                        PROVIDE (_end = .)
                0x20000f18                        . = (. + _Min_Heap_Size)
 *fill*         0x20000d18      0x200 
                0x20001318                        . = (. + _Min_Stack_Size)
 *fill*         0x20000f18      0x400 
                0x20001318                        . = ALIGN (0x8)

/DISCARD/
 libc.a(*)
 libm.a(*)
 libgcc.a(*)

.ARM.attributes
                0x00000000       0x30
 *(.ARM.attributes)
 .ARM.attributes
                0x00000000       0x22 C:/Pliki/ST/STM32CubeIDE_1.16.1/STM32CubeIDE/plugins/com.st.stm32cube.ide.mcu.externaltools.gnu-tools-for-stm32.12.3.rel1.win32_1.0.200.202406191623/tools/bin/../lib/gcc/arm-none-eabi/12.3.1/thumb/v7e-m+fp/hard/crti.o
 .ARM.attributes
                0x00000022       0x34 C:/Pliki/ST/STM32CubeIDE_1.16.1/STM32CubeIDE/plugins/com.st.stm32cube.ide.mcu.externaltools.gnu-tools-for-stm32.12.3.rel1.win32_1.0.200.202406191623/tools/bin/../lib/gcc/arm-none-eabi/12.3.1/thumb/v7e-m+fp/hard/crtbegin.o
 .ARM.attributes
                0x00000056       0x34 ./Core/Src/bmp2.o
 .ARM.attributes
                0x0000008a       0x34 ./Core/Src/bmp2_config.o
 .ARM.attributes
                0x000000be       0x34 ./Core/Src/eth.o
 .ARM.attributes
                0x000000f2       0x34 ./Core/Src/gpio.o
 .ARM.attributes
                0x00000126       0x34 ./Core/Src/main.o
 .ARM.attributes
                0x0000015a       0x34 ./Core/Src/spi.o
 .ARM.attributes
                0x0000018e       0x34 ./Core/Src/stm32f7xx_hal_msp.o
 .ARM.attributes
                0x000001c2       0x34 ./Core/Src/stm32f7xx_it.o
 .ARM.attributes
                0x000001f6       0x34 ./Core/Src/sysmem.o
 .ARM.attributes
                0x0000022a       0x34 ./Core/Src/system_stm32f7xx.o
 .ARM.attributes
                0x0000025e       0x34 ./Core/Src/tim.o
 .ARM.attributes
                0x00000292       0x34 ./Core/Src/usart.o
 .ARM.attributes
                0x000002c6       0x34 ./Core/Src/usb_otg.o
 .ARM.attributes
                0x000002fa       0x21 ./Core/Startup/startup_stm32f746zgtx.o
 .ARM.attributes
                0x0000031b       0x34 ./Drivers/STM32F7xx_HAL_Driver/Src/stm32f7xx_hal.o
 .ARM.attributes
                0x0000034f       0x34 ./Drivers/STM32F7xx_HAL_Driver/Src/stm32f7xx_hal_cortex.o
 .ARM.attributes
                0x00000383       0x34 ./Drivers/STM32F7xx_HAL_Driver/Src/stm32f7xx_hal_dma.o
 .ARM.attributes
                0x000003b7       0x34 ./Drivers/STM32F7xx_HAL_Driver/Src/stm32f7xx_hal_eth.o
 .ARM.attributes
                0x000003eb       0x34 ./Drivers/STM32F7xx_HAL_Driver/Src/stm32f7xx_hal_gpio.o
 .ARM.attributes
                0x0000041f       0x34 ./Drivers/STM32F7xx_HAL_Driver/Src/stm32f7xx_hal_pcd.o
 .ARM.attributes
                0x00000453       0x34 ./Drivers/STM32F7xx_HAL_Driver/Src/stm32f7xx_hal_pcd_ex.o
 .ARM.attributes
                0x00000487       0x34 ./Drivers/STM32F7xx_HAL_Driver/Src/stm32f7xx_hal_pwr.o
 .ARM.attributes
                0x000004bb       0x34 ./Drivers/STM32F7xx_HAL_Driver/Src/stm32f7xx_hal_rcc.o
 .ARM.attributes
                0x000004ef       0x34 ./Drivers/STM32F7xx_HAL_Driver/Src/stm32f7xx_hal_rcc_ex.o
 .ARM.attributes
                0x00000523       0x34 ./Drivers/STM32F7xx_HAL_Driver/Src/stm32f7xx_hal_spi.o
 .ARM.attributes
                0x00000557       0x34 ./Drivers/STM32F7xx_HAL_Driver/Src/stm32f7xx_hal_tim.o
 .ARM.attributes
                0x0000058b       0x34 ./Drivers/STM32F7xx_HAL_Driver/Src/stm32f7xx_hal_tim_ex.o
 .ARM.attributes
                0x000005bf       0x34 ./Drivers/STM32F7xx_HAL_Driver/Src/stm32f7xx_hal_uart.o
 .ARM.attributes
                0x000005f3       0x34 ./Drivers/STM32F7xx_HAL_Driver/Src/stm32f7xx_ll_usb.o
 .ARM.attributes
                0x00000627       0x34 C:/Pliki/ST/STM32CubeIDE_1.16.1/STM32CubeIDE/plugins/com.st.stm32cube.ide.mcu.externaltools.gnu-tools-for-stm32.12.3.rel1.win32_1.0.200.202406191623/tools/bin/../lib/gcc/arm-none-eabi/12.3.1/../../../../arm-none-eabi/lib/thumb/v7e-m+fp/hard\libc_nano.a(libc_a-strtol.o)
 .ARM.attributes
                0x0000065b       0x34 C:/Pliki/ST/STM32CubeIDE_1.16.1/STM32CubeIDE/plugins/com.st.stm32cube.ide.mcu.externaltools.gnu-tools-for-stm32.12.3.rel1.win32_1.0.200.202406191623/tools/bin/../lib/gcc/arm-none-eabi/12.3.1/../../../../arm-none-eabi/lib/thumb/v7e-m+fp/hard\libc_nano.a(libc_a-ctype_.o)
 .ARM.attributes
                0x0000068f       0x34 C:/Pliki/ST/STM32CubeIDE_1.16.1/STM32CubeIDE/plugins/com.st.stm32cube.ide.mcu.externaltools.gnu-tools-for-stm32.12.3.rel1.win32_1.0.200.202406191623/tools/bin/../lib/gcc/arm-none-eabi/12.3.1/../../../../arm-none-eabi/lib/thumb/v7e-m+fp/hard\libc_nano.a(libc_a-findfp.o)
 .ARM.attributes
                0x000006c3       0x34 C:/Pliki/ST/STM32CubeIDE_1.16.1/STM32CubeIDE/plugins/com.st.stm32cube.ide.mcu.externaltools.gnu-tools-for-stm32.12.3.rel1.win32_1.0.200.202406191623/tools/bin/../lib/gcc/arm-none-eabi/12.3.1/../../../../arm-none-eabi/lib/thumb/v7e-m+fp/hard\libc_nano.a(libc_a-sprintf.o)
 .ARM.attributes
                0x000006f7       0x34 C:/Pliki/ST/STM32CubeIDE_1.16.1/STM32CubeIDE/plugins/com.st.stm32cube.ide.mcu.externaltools.gnu-tools-for-stm32.12.3.rel1.win32_1.0.200.202406191623/tools/bin/../lib/gcc/arm-none-eabi/12.3.1/../../../../arm-none-eabi/lib/thumb/v7e-m+fp/hard\libc_nano.a(libc_a-memset.o)
 .ARM.attributes
                0x0000072b       0x34 C:/Pliki/ST/STM32CubeIDE_1.16.1/STM32CubeIDE/plugins/com.st.stm32cube.ide.mcu.externaltools.gnu-tools-for-stm32.12.3.rel1.win32_1.0.200.202406191623/tools/bin/../lib/gcc/arm-none-eabi/12.3.1/../../../../arm-none-eabi/lib/thumb/v7e-m+fp/hard\libc_nano.a(libc_a-reent.o)
 .ARM.attributes
                0x0000075f       0x34 C:/Pliki/ST/STM32CubeIDE_1.16.1/STM32CubeIDE/plugins/com.st.stm32cube.ide.mcu.externaltools.gnu-tools-for-stm32.12.3.rel1.win32_1.0.200.202406191623/tools/bin/../lib/gcc/arm-none-eabi/12.3.1/../../../../arm-none-eabi/lib/thumb/v7e-m+fp/hard\libc_nano.a(libc_a-impure.o)
 .ARM.attributes
                0x00000793       0x34 C:/Pliki/ST/STM32CubeIDE_1.16.1/STM32CubeIDE/plugins/com.st.stm32cube.ide.mcu.externaltools.gnu-tools-for-stm32.12.3.rel1.win32_1.0.200.202406191623/tools/bin/../lib/gcc/arm-none-eabi/12.3.1/../../../../arm-none-eabi/lib/thumb/v7e-m+fp/hard\libc_nano.a(libc_a-errno.o)
 .ARM.attributes
                0x000007c7       0x34 C:/Pliki/ST/STM32CubeIDE_1.16.1/STM32CubeIDE/plugins/com.st.stm32cube.ide.mcu.externaltools.gnu-tools-for-stm32.12.3.rel1.win32_1.0.200.202406191623/tools/bin/../lib/gcc/arm-none-eabi/12.3.1/../../../../arm-none-eabi/lib/thumb/v7e-m+fp/hard\libc_nano.a(libc_a-init.o)
 .ARM.attributes
                0x000007fb       0x34 C:/Pliki/ST/STM32CubeIDE_1.16.1/STM32CubeIDE/plugins/com.st.stm32cube.ide.mcu.externaltools.gnu-tools-for-stm32.12.3.rel1.win32_1.0.200.202406191623/tools/bin/../lib/gcc/arm-none-eabi/12.3.1/../../../../arm-none-eabi/lib/thumb/v7e-m+fp/hard\libc_nano.a(libc_a-lock.o)
 .ARM.attributes
                0x0000082f       0x34 C:/Pliki/ST/STM32CubeIDE_1.16.1/STM32CubeIDE/plugins/com.st.stm32cube.ide.mcu.externaltools.gnu-tools-for-stm32.12.3.rel1.win32_1.0.200.202406191623/tools/bin/../lib/gcc/arm-none-eabi/12.3.1/../../../../arm-none-eabi/lib/thumb/v7e-m+fp/hard\libc_nano.a(libc_a-freer.o)
 .ARM.attributes
                0x00000863       0x34 C:/Pliki/ST/STM32CubeIDE_1.16.1/STM32CubeIDE/plugins/com.st.stm32cube.ide.mcu.externaltools.gnu-tools-for-stm32.12.3.rel1.win32_1.0.200.202406191623/tools/bin/../lib/gcc/arm-none-eabi/12.3.1/../../../../arm-none-eabi/lib/thumb/v7e-m+fp/hard\libc_nano.a(libc_a-mallocr.o)
 .ARM.attributes
                0x00000897       0x34 C:/Pliki/ST/STM32CubeIDE_1.16.1/STM32CubeIDE/plugins/com.st.stm32cube.ide.mcu.externaltools.gnu-tools-for-stm32.12.3.rel1.win32_1.0.200.202406191623/tools/bin/../lib/gcc/arm-none-eabi/12.3.1/../../../../arm-none-eabi/lib/thumb/v7e-m+fp/hard\libc_nano.a(libc_a-mlock.o)
 .ARM.attributes
                0x000008cb       0x34 C:/Pliki/ST/STM32CubeIDE_1.16.1/STM32CubeIDE/plugins/com.st.stm32cube.ide.mcu.externaltools.gnu-tools-for-stm32.12.3.rel1.win32_1.0.200.202406191623/tools/bin/../lib/gcc/arm-none-eabi/12.3.1/../../../../arm-none-eabi/lib/thumb/v7e-m+fp/hard\libc_nano.a(libc_a-nano-svfprintf.o)
 .ARM.attributes
                0x000008ff       0x34 C:/Pliki/ST/STM32CubeIDE_1.16.1/STM32CubeIDE/plugins/com.st.stm32cube.ide.mcu.externaltools.gnu-tools-for-stm32.12.3.rel1.win32_1.0.200.202406191623/tools/bin/../lib/gcc/arm-none-eabi/12.3.1/../../../../arm-none-eabi/lib/thumb/v7e-m+fp/hard\libc_nano.a(libc_a-nano-vfprintf_i.o)
 .ARM.attributes
                0x00000933       0x34 C:/Pliki/ST/STM32CubeIDE_1.16.1/STM32CubeIDE/plugins/com.st.stm32cube.ide.mcu.externaltools.gnu-tools-for-stm32.12.3.rel1.win32_1.0.200.202406191623/tools/bin/../lib/gcc/arm-none-eabi/12.3.1/../../../../arm-none-eabi/lib/thumb/v7e-m+fp/hard\libc_nano.a(libc_a-memmove.o)
 .ARM.attributes
                0x00000967       0x34 C:/Pliki/ST/STM32CubeIDE_1.16.1/STM32CubeIDE/plugins/com.st.stm32cube.ide.mcu.externaltools.gnu-tools-for-stm32.12.3.rel1.win32_1.0.200.202406191623/tools/bin/../lib/gcc/arm-none-eabi/12.3.1/../../../../arm-none-eabi/lib/thumb/v7e-m+fp/hard\libc_nano.a(libc_a-sbrkr.o)
 .ARM.attributes
                0x0000099b       0x1c C:/Pliki/ST/STM32CubeIDE_1.16.1/STM32CubeIDE/plugins/com.st.stm32cube.ide.mcu.externaltools.gnu-tools-for-stm32.12.3.rel1.win32_1.0.200.202406191623/tools/bin/../lib/gcc/arm-none-eabi/12.3.1/../../../../arm-none-eabi/lib/thumb/v7e-m+fp/hard\libc_nano.a(libc_a-memchr.o)
 .ARM.attributes
                0x000009b7       0x34 C:/Pliki/ST/STM32CubeIDE_1.16.1/STM32CubeIDE/plugins/com.st.stm32cube.ide.mcu.externaltools.gnu-tools-for-stm32.12.3.rel1.win32_1.0.200.202406191623/tools/bin/../lib/gcc/arm-none-eabi/12.3.1/../../../../arm-none-eabi/lib/thumb/v7e-m+fp/hard\libc_nano.a(libc_a-memcpy-stub.o)
 .ARM.attributes
                0x000009eb       0x34 C:/Pliki/ST/STM32CubeIDE_1.16.1/STM32CubeIDE/plugins/com.st.stm32cube.ide.mcu.externaltools.gnu-tools-for-stm32.12.3.rel1.win32_1.0.200.202406191623/tools/bin/../lib/gcc/arm-none-eabi/12.3.1/../../../../arm-none-eabi/lib/thumb/v7e-m+fp/hard\libc_nano.a(libc_a-reallocr.o)
 .ARM.attributes
                0x00000a1f       0x34 C:/Pliki/ST/STM32CubeIDE_1.16.1/STM32CubeIDE/plugins/com.st.stm32cube.ide.mcu.externaltools.gnu-tools-for-stm32.12.3.rel1.win32_1.0.200.202406191623/tools/bin/../lib/gcc/arm-none-eabi/12.3.1/../../../../arm-none-eabi/lib/thumb/v7e-m+fp/hard\libc_nano.a(libc_a-msizer.o)
 .ARM.attributes
                0x00000a53       0x22 C:/Pliki/ST/STM32CubeIDE_1.16.1/STM32CubeIDE/plugins/com.st.stm32cube.ide.mcu.externaltools.gnu-tools-for-stm32.12.3.rel1.win32_1.0.200.202406191623/tools/bin/../lib/gcc/arm-none-eabi/12.3.1/thumb/v7e-m+fp/hard\libgcc.a(_arm_addsubdf3.o)
 .ARM.attributes
                0x00000a75       0x22 C:/Pliki/ST/STM32CubeIDE_1.16.1/STM32CubeIDE/plugins/com.st.stm32cube.ide.mcu.externaltools.gnu-tools-for-stm32.12.3.rel1.win32_1.0.200.202406191623/tools/bin/../lib/gcc/arm-none-eabi/12.3.1/thumb/v7e-m+fp/hard\libgcc.a(_arm_muldivdf3.o)
 .ARM.attributes
                0x00000a97       0x22 C:/Pliki/ST/STM32CubeIDE_1.16.1/STM32CubeIDE/plugins/com.st.stm32cube.ide.mcu.externaltools.gnu-tools-for-stm32.12.3.rel1.win32_1.0.200.202406191623/tools/bin/../lib/gcc/arm-none-eabi/12.3.1/thumb/v7e-m+fp/hard\libgcc.a(_arm_cmpdf2.o)
 .ARM.attributes
                0x00000ab9       0x22 C:/Pliki/ST/STM32CubeIDE_1.16.1/STM32CubeIDE/plugins/com.st.stm32cube.ide.mcu.externaltools.gnu-tools-for-stm32.12.3.rel1.win32_1.0.200.202406191623/tools/bin/../lib/gcc/arm-none-eabi/12.3.1/thumb/v7e-m+fp/hard\libgcc.a(_arm_fixdfsi.o)
 .ARM.attributes
                0x00000adb       0x22 C:/Pliki/ST/STM32CubeIDE_1.16.1/STM32CubeIDE/plugins/com.st.stm32cube.ide.mcu.externaltools.gnu-tools-for-stm32.12.3.rel1.win32_1.0.200.202406191623/tools/bin/../lib/gcc/arm-none-eabi/12.3.1/thumb/v7e-m+fp/hard\libgcc.a(_arm_fixunsdfsi.o)
 .ARM.attributes
                0x00000afd       0x22 C:/Pliki/ST/STM32CubeIDE_1.16.1/STM32CubeIDE/plugins/com.st.stm32cube.ide.mcu.externaltools.gnu-tools-for-stm32.12.3.rel1.win32_1.0.200.202406191623/tools/bin/../lib/gcc/arm-none-eabi/12.3.1/thumb/v7e-m+fp/hard\libgcc.a(_arm_truncdfsf2.o)
 .ARM.attributes
                0x00000b1f       0x22 C:/Pliki/ST/STM32CubeIDE_1.16.1/STM32CubeIDE/plugins/com.st.stm32cube.ide.mcu.externaltools.gnu-tools-for-stm32.12.3.rel1.win32_1.0.200.202406191623/tools/bin/../lib/gcc/arm-none-eabi/12.3.1/thumb/v7e-m+fp/hard\libgcc.a(_aeabi_uldivmod.o)
 .ARM.attributes
                0x00000b41       0x34 C:/Pliki/ST/STM32CubeIDE_1.16.1/STM32CubeIDE/plugins/com.st.stm32cube.ide.mcu.externaltools.gnu-tools-for-stm32.12.3.rel1.win32_1.0.200.202406191623/tools/bin/../lib/gcc/arm-none-eabi/12.3.1/thumb/v7e-m+fp/hard\libgcc.a(_udivmoddi4.o)
 .ARM.attributes
                0x00000b75       0x22 C:/Pliki/ST/STM32CubeIDE_1.16.1/STM32CubeIDE/plugins/com.st.stm32cube.ide.mcu.externaltools.gnu-tools-for-stm32.12.3.rel1.win32_1.0.200.202406191623/tools/bin/../lib/gcc/arm-none-eabi/12.3.1/thumb/v7e-m+fp/hard\libgcc.a(_dvmd_tls.o)
 .ARM.attributes
                0x00000b97       0x22 C:/Pliki/ST/STM32CubeIDE_1.16.1/STM32CubeIDE/plugins/com.st.stm32cube.ide.mcu.externaltools.gnu-tools-for-stm32.12.3.rel1.win32_1.0.200.202406191623/tools/bin/../lib/gcc/arm-none-eabi/12.3.1/thumb/v7e-m+fp/hard/crtn.o
OUTPUT(Zad_zaliczeniowe.elf elf32-littlearm)
LOAD linker stubs
LOAD C:/Pliki/ST/STM32CubeIDE_1.16.1/STM32CubeIDE/plugins/com.st.stm32cube.ide.mcu.externaltools.gnu-tools-for-stm32.12.3.rel1.win32_1.0.200.202406191623/tools/bin/../lib/gcc/arm-none-eabi/12.3.1/../../../../arm-none-eabi/lib/thumb/v7e-m+fp/hard\libc.a
LOAD C:/Pliki/ST/STM32CubeIDE_1.16.1/STM32CubeIDE/plugins/com.st.stm32cube.ide.mcu.externaltools.gnu-tools-for-stm32.12.3.rel1.win32_1.0.200.202406191623/tools/bin/../lib/gcc/arm-none-eabi/12.3.1/../../../../arm-none-eabi/lib/thumb/v7e-m+fp/hard\libm.a
LOAD C:/Pliki/ST/STM32CubeIDE_1.16.1/STM32CubeIDE/plugins/com.st.stm32cube.ide.mcu.externaltools.gnu-tools-for-stm32.12.3.rel1.win32_1.0.200.202406191623/tools/bin/../lib/gcc/arm-none-eabi/12.3.1/thumb/v7e-m+fp/hard\libgcc.a

.debug_info     0x00000000    0x1c517
 .debug_info    0x00000000      0xc01 ./Core/Src/bmp2.o
 .debug_info    0x00000c01      0xeee ./Core/Src/bmp2_config.o
 .debug_info    0x00001aef     0x1242 ./Core/Src/eth.o
 .debug_info    0x00002d31      0x73a ./Core/Src/gpio.o
 .debug_info    0x0000346b     0x1526 ./Core/Src/main.o
 .debug_info    0x00004991      0x98e ./Core/Src/spi.o
 .debug_info    0x0000531f      0x28d ./Core/Src/stm32f7xx_hal_msp.o
 .debug_info    0x000055ac     0x1372 ./Core/Src/stm32f7xx_it.o
 .debug_info    0x0000691e      0x168 ./Core/Src/sysmem.o
 .debug_info    0x00006a86      0x6ed ./Core/Src/system_stm32f7xx.o
 .debug_info    0x00007173      0xce5 ./Core/Src/tim.o
 .debug_info    0x00007e58      0xf29 ./Core/Src/usart.o
 .debug_info    0x00008d81      0xbf6 ./Core/Src/usb_otg.o
 .debug_info    0x00009977       0x30 ./Core/Startup/startup_stm32f746zgtx.o
 .debug_info    0x000099a7      0x9d8 ./Drivers/STM32F7xx_HAL_Driver/Src/stm32f7xx_hal.o
 .debug_info    0x0000a37f      0xf7e ./Drivers/STM32F7xx_HAL_Driver/Src/stm32f7xx_hal_cortex.o
 .debug_info    0x0000b2fd      0x8e7 ./Drivers/STM32F7xx_HAL_Driver/Src/stm32f7xx_hal_dma.o
 .debug_info    0x0000bbe4     0x2180 ./Drivers/STM32F7xx_HAL_Driver/Src/stm32f7xx_hal_eth.o
 .debug_info    0x0000dd64      0x6e7 ./Drivers/STM32F7xx_HAL_Driver/Src/stm32f7xx_hal_gpio.o
 .debug_info    0x0000e44b     0x1599 ./Drivers/STM32F7xx_HAL_Driver/Src/stm32f7xx_hal_pcd.o
 .debug_info    0x0000f9e4      0x7a3 ./Drivers/STM32F7xx_HAL_Driver/Src/stm32f7xx_hal_pcd_ex.o
 .debug_info    0x00010187      0x90e ./Drivers/STM32F7xx_HAL_Driver/Src/stm32f7xx_hal_pwr.o
 .debug_info    0x00010a95      0x8dc ./Drivers/STM32F7xx_HAL_Driver/Src/stm32f7xx_hal_rcc.o
 .debug_info    0x00011371      0x6bd ./Drivers/STM32F7xx_HAL_Driver/Src/stm32f7xx_hal_rcc_ex.o
 .debug_info    0x00011a2e     0x169b ./Drivers/STM32F7xx_HAL_Driver/Src/stm32f7xx_hal_spi.o
 .debug_info    0x000130c9     0x2abd ./Drivers/STM32F7xx_HAL_Driver/Src/stm32f7xx_hal_tim.o
 .debug_info    0x00015b86     0x15bb ./Drivers/STM32F7xx_HAL_Driver/Src/stm32f7xx_hal_tim_ex.o
 .debug_info    0x00017141     0x39da ./Drivers/STM32F7xx_HAL_Driver/Src/stm32f7xx_hal_uart.o
 .debug_info    0x0001ab1b     0x19fc ./Drivers/STM32F7xx_HAL_Driver/Src/stm32f7xx_ll_usb.o

.debug_abbrev   0x00000000     0x3d25
 .debug_abbrev  0x00000000      0x1fb ./Core/Src/bmp2.o
 .debug_abbrev  0x000001fb      0x2bd ./Core/Src/bmp2_config.o
 .debug_abbrev  0x000004b8      0x26b ./Core/Src/eth.o
 .debug_abbrev  0x00000723      0x174 ./Core/Src/gpio.o
 .debug_abbrev  0x00000897      0x301 ./Core/Src/main.o
 .debug_abbrev  0x00000b98      0x1f3 ./Core/Src/spi.o
 .debug_abbrev  0x00000d8b       0xd8 ./Core/Src/stm32f7xx_hal_msp.o
 .debug_abbrev  0x00000e63      0x1fa ./Core/Src/stm32f7xx_it.o
 .debug_abbrev  0x0000105d       0xbc ./Core/Src/sysmem.o
 .debug_abbrev  0x00001119      0x13b ./Core/Src/system_stm32f7xx.o
 .debug_abbrev  0x00001254      0x1f7 ./Core/Src/tim.o
 .debug_abbrev  0x0000144b      0x218 ./Core/Src/usart.o
 .debug_abbrev  0x00001663      0x230 ./Core/Src/usb_otg.o
 .debug_abbrev  0x00001893       0x24 ./Core/Startup/startup_stm32f746zgtx.o
 .debug_abbrev  0x000018b7      0x213 ./Drivers/STM32F7xx_HAL_Driver/Src/stm32f7xx_hal.o
 .debug_abbrev  0x00001aca      0x31e ./Drivers/STM32F7xx_HAL_Driver/Src/stm32f7xx_hal_cortex.o
 .debug_abbrev  0x00001de8      0x264 ./Drivers/STM32F7xx_HAL_Driver/Src/stm32f7xx_hal_dma.o
 .debug_abbrev  0x0000204c      0x35a ./Drivers/STM32F7xx_HAL_Driver/Src/stm32f7xx_hal_eth.o
 .debug_abbrev  0x000023a6      0x1d4 ./Drivers/STM32F7xx_HAL_Driver/Src/stm32f7xx_hal_gpio.o
 .debug_abbrev  0x0000257a      0x2ee ./Drivers/STM32F7xx_HAL_Driver/Src/stm32f7xx_hal_pcd.o
 .debug_abbrev  0x00002868      0x1ca ./Drivers/STM32F7xx_HAL_Driver/Src/stm32f7xx_hal_pcd_ex.o
 .debug_abbrev  0x00002a32      0x1c5 ./Drivers/STM32F7xx_HAL_Driver/Src/stm32f7xx_hal_pwr.o
 .debug_abbrev  0x00002bf7      0x288 ./Drivers/STM32F7xx_HAL_Driver/Src/stm32f7xx_hal_rcc.o
 .debug_abbrev  0x00002e7f      0x1c9 ./Drivers/STM32F7xx_HAL_Driver/Src/stm32f7xx_hal_rcc_ex.o
 .debug_abbrev  0x00003048      0x269 ./Drivers/STM32F7xx_HAL_Driver/Src/stm32f7xx_hal_spi.o
 .debug_abbrev  0x000032b1      0x278 ./Drivers/STM32F7xx_HAL_Driver/Src/stm32f7xx_hal_tim.o
 .debug_abbrev  0x00003529      0x283 ./Drivers/STM32F7xx_HAL_Driver/Src/stm32f7xx_hal_tim_ex.o
 .debug_abbrev  0x000037ac      0x2e6 ./Drivers/STM32F7xx_HAL_Driver/Src/stm32f7xx_hal_uart.o
 .debug_abbrev  0x00003a92      0x293 ./Drivers/STM32F7xx_HAL_Driver/Src/stm32f7xx_ll_usb.o

.debug_aranges  0x00000000     0x1698
 .debug_aranges
                0x00000000       0xc0 ./Core/Src/bmp2.o
 .debug_aranges
                0x000000c0       0x50 ./Core/Src/bmp2_config.o
 .debug_aranges
                0x00000110       0x30 ./Core/Src/eth.o
 .debug_aranges
                0x00000140       0x20 ./Core/Src/gpio.o
 .debug_aranges
                0x00000160       0x70 ./Core/Src/main.o
 .debug_aranges
                0x000001d0       0x30 ./Core/Src/spi.o
 .debug_aranges
                0x00000200       0x20 ./Core/Src/stm32f7xx_hal_msp.o
 .debug_aranges
                0x00000220       0x88 ./Core/Src/stm32f7xx_it.o
 .debug_aranges
                0x000002a8       0x20 ./Core/Src/sysmem.o
 .debug_aranges
                0x000002c8       0x28 ./Core/Src/system_stm32f7xx.o
 .debug_aranges
                0x000002f0       0x30 ./Core/Src/tim.o
 .debug_aranges
                0x00000320       0x30 ./Core/Src/usart.o
 .debug_aranges
                0x00000350       0x30 ./Core/Src/usb_otg.o
 .debug_aranges
                0x00000380       0x28 ./Core/Startup/startup_stm32f746zgtx.o
 .debug_aranges
                0x000003a8      0x100 ./Drivers/STM32F7xx_HAL_Driver/Src/stm32f7xx_hal.o
 .debug_aranges
                0x000004a8      0x128 ./Drivers/STM32F7xx_HAL_Driver/Src/stm32f7xx_hal_cortex.o
 .debug_aranges
                0x000005d0       0x90 ./Drivers/STM32F7xx_HAL_Driver/Src/stm32f7xx_hal_dma.o
 .debug_aranges
                0x00000660      0x1e0 ./Drivers/STM32F7xx_HAL_Driver/Src/stm32f7xx_hal_eth.o
 .debug_aranges
                0x00000840       0x58 ./Drivers/STM32F7xx_HAL_Driver/Src/stm32f7xx_hal_gpio.o
 .debug_aranges
                0x00000898      0x148 ./Drivers/STM32F7xx_HAL_Driver/Src/stm32f7xx_hal_pcd.o
 .debug_aranges
                0x000009e0       0x48 ./Drivers/STM32F7xx_HAL_Driver/Src/stm32f7xx_hal_pcd_ex.o
 .debug_aranges
                0x00000a28       0xa0 ./Drivers/STM32F7xx_HAL_Driver/Src/stm32f7xx_hal_pwr.o
 .debug_aranges
                0x00000ac8       0x88 ./Drivers/STM32F7xx_HAL_Driver/Src/stm32f7xx_hal_rcc.o
 .debug_aranges
                0x00000b50       0x50 ./Drivers/STM32F7xx_HAL_Driver/Src/stm32f7xx_hal_rcc_ex.o
 .debug_aranges
                0x00000ba0      0x1d8 ./Drivers/STM32F7xx_HAL_Driver/Src/stm32f7xx_hal_spi.o
 .debug_aranges
                0x00000d78      0x3e0 ./Drivers/STM32F7xx_HAL_Driver/Src/stm32f7xx_hal_tim.o
 .debug_aranges
                0x00001158      0x178 ./Drivers/STM32F7xx_HAL_Driver/Src/stm32f7xx_hal_tim_ex.o
 .debug_aranges
                0x000012d0      0x228 ./Drivers/STM32F7xx_HAL_Driver/Src/stm32f7xx_hal_uart.o
 .debug_aranges
                0x000014f8      0x1a0 ./Drivers/STM32F7xx_HAL_Driver/Src/stm32f7xx_ll_usb.o

.debug_rnglists
                0x00000000     0x118c
 .debug_rnglists
                0x00000000       0x96 ./Core/Src/bmp2.o
 .debug_rnglists
                0x00000096       0x3c ./Core/Src/bmp2_config.o
 .debug_rnglists
                0x000000d2       0x22 ./Core/Src/eth.o
 .debug_rnglists
                0x000000f4       0x14 ./Core/Src/gpio.o
 .debug_rnglists
                0x00000108       0x54 ./Core/Src/main.o
 .debug_rnglists
                0x0000015c       0x20 ./Core/Src/spi.o
 .debug_rnglists
                0x0000017c       0x13 ./Core/Src/stm32f7xx_hal_msp.o
 .debug_rnglists
                0x0000018f       0x61 ./Core/Src/stm32f7xx_it.o
 .debug_rnglists
                0x000001f0       0x13 ./Core/Src/sysmem.o
 .debug_rnglists
                0x00000203       0x1a ./Core/Src/system_stm32f7xx.o
 .debug_rnglists
                0x0000021d       0x20 ./Core/Src/tim.o
 .debug_rnglists
                0x0000023d       0x20 ./Core/Src/usart.o
 .debug_rnglists
                0x0000025d       0x20 ./Core/Src/usb_otg.o
 .debug_rnglists
                0x0000027d       0x19 ./Core/Startup/startup_stm32f746zgtx.o
 .debug_rnglists
                0x00000296       0xbb ./Drivers/STM32F7xx_HAL_Driver/Src/stm32f7xx_hal.o
 .debug_rnglists
                0x00000351       0xda ./Drivers/STM32F7xx_HAL_Driver/Src/stm32f7xx_hal_cortex.o
 .debug_rnglists
                0x0000042b       0x70 ./Drivers/STM32F7xx_HAL_Driver/Src/stm32f7xx_hal_dma.o
 .debug_rnglists
                0x0000049b      0x17d ./Drivers/STM32F7xx_HAL_Driver/Src/stm32f7xx_hal_eth.o
 .debug_rnglists
                0x00000618       0x3f ./Drivers/STM32F7xx_HAL_Driver/Src/stm32f7xx_hal_gpio.o
 .debug_rnglists
                0x00000657       0xfa ./Drivers/STM32F7xx_HAL_Driver/Src/stm32f7xx_hal_pcd.o
 .debug_rnglists
                0x00000751       0x32 ./Drivers/STM32F7xx_HAL_Driver/Src/stm32f7xx_hal_pcd_ex.o
 .debug_rnglists
                0x00000783       0x74 ./Drivers/STM32F7xx_HAL_Driver/Src/stm32f7xx_hal_pwr.o
 .debug_rnglists
                0x000007f7       0x67 ./Drivers/STM32F7xx_HAL_Driver/Src/stm32f7xx_hal_rcc.o
 .debug_rnglists
                0x0000085e       0x3c ./Drivers/STM32F7xx_HAL_Driver/Src/stm32f7xx_hal_rcc_ex.o
 .debug_rnglists
                0x0000089a      0x178 ./Drivers/STM32F7xx_HAL_Driver/Src/stm32f7xx_hal_spi.o
 .debug_rnglists
                0x00000a12      0x328 ./Drivers/STM32F7xx_HAL_Driver/Src/stm32f7xx_hal_tim.o
 .debug_rnglists
                0x00000d3a      0x131 ./Drivers/STM32F7xx_HAL_Driver/Src/stm32f7xx_hal_tim_ex.o
 .debug_rnglists
                0x00000e6b      0x1da ./Drivers/STM32F7xx_HAL_Driver/Src/stm32f7xx_hal_uart.o
 .debug_rnglists
                0x00001045      0x147 ./Drivers/STM32F7xx_HAL_Driver/Src/stm32f7xx_ll_usb.o

.debug_macro    0x00000000    0x29dd0
 .debug_macro   0x00000000       0x85 ./Core/Src/bmp2.o
 .debug_macro   0x00000085      0xab4 ./Core/Src/bmp2.o
 .debug_macro   0x00000b39       0x22 ./Core/Src/bmp2.o
 .debug_macro   0x00000b5b       0x8e ./Core/Src/bmp2.o
 .debug_macro   0x00000be9       0x51 ./Core/Src/bmp2.o
 .debug_macro   0x00000c3a      0x103 ./Core/Src/bmp2.o
 .debug_macro   0x00000d3d       0x6a ./Core/Src/bmp2.o
 .debug_macro   0x00000da7      0x1df ./Core/Src/bmp2.o
 .debug_macro   0x00000f86      0x189 ./Core/Src/bmp2.o
 .debug_macro   0x0000110f      0x4fb ./Core/Src/bmp2.o
 .debug_macro   0x0000160a      0x34f ./Core/Src/bmp2_config.o
 .debug_macro   0x00001959      0x2a5 ./Core/Src/bmp2_config.o
 .debug_macro   0x00001bfe       0x2e ./Core/Src/bmp2_config.o
 .debug_macro   0x00001c2c       0x3b ./Core/Src/bmp2_config.o
 .debug_macro   0x00001c67       0x1c ./Core/Src/bmp2_config.o
 .debug_macro   0x00001c83       0x22 ./Core/Src/bmp2_config.o
 .debug_macro   0x00001ca5       0xd9 ./Core/Src/bmp2_config.o
 .debug_macro   0x00001d7e     0x12cd ./Core/Src/bmp2_config.o
 .debug_macro   0x0000304b      0x11f ./Core/Src/bmp2_config.o
 .debug_macro   0x0000316a       0x19 ./Core/Src/bmp2_config.o
 .debug_macro   0x00003183    0x19222 ./Core/Src/bmp2_config.o
 .debug_macro   0x0001c3a5       0x6d ./Core/Src/bmp2_config.o
 .debug_macro   0x0001c412     0x3765 ./Core/Src/bmp2_config.o
 .debug_macro   0x0001fb77       0x63 ./Core/Src/bmp2_config.o
 .debug_macro   0x0001fbda     0x18ad ./Core/Src/bmp2_config.o
 .debug_macro   0x00021487      0x6c4 ./Core/Src/bmp2_config.o
 .debug_macro   0x00021b4b      0x185 ./Core/Src/bmp2_config.o
 .debug_macro   0x00021cd0      0x115 ./Core/Src/bmp2_config.o
 .debug_macro   0x00021de5      0x1fd ./Core/Src/bmp2_config.o
 .debug_macro   0x00021fe2       0xa5 ./Core/Src/bmp2_config.o
 .debug_macro   0x00022087      0x24f ./Core/Src/bmp2_config.o
 .debug_macro   0x000222d6       0x41 ./Core/Src/bmp2_config.o
 .debug_macro   0x00022317       0x58 ./Core/Src/bmp2_config.o
 .debug_macro   0x0002236f      0x236 ./Core/Src/bmp2_config.o
 .debug_macro   0x000225a5      0xb99 ./Core/Src/bmp2_config.o
 .debug_macro   0x0002313e      0x14e ./Core/Src/bmp2_config.o
 .debug_macro   0x0002328c      0x25a ./Core/Src/bmp2_config.o
 .debug_macro   0x000234e6       0x12 ./Core/Src/bmp2_config.o
 .debug_macro   0x000234f8      0x22c ./Core/Src/bmp2_config.o
 .debug_macro   0x00023724       0x61 ./Core/Src/bmp2_config.o
 .debug_macro   0x00023785       0xa5 ./Core/Src/bmp2_config.o
 .debug_macro   0x0002382a      0x12e ./Core/Src/bmp2_config.o
 .debug_macro   0x00023958      0x108 ./Core/Src/bmp2_config.o
 .debug_macro   0x00023a60       0x35 ./Core/Src/bmp2_config.o
 .debug_macro   0x00023a95      0x2fe ./Core/Src/bmp2_config.o
 .debug_macro   0x00023d93      0xa83 ./Core/Src/bmp2_config.o
 .debug_macro   0x00024816       0x59 ./Core/Src/bmp2_config.o
 .debug_macro   0x0002486f      0x56d ./Core/Src/bmp2_config.o
 .debug_macro   0x00024ddc       0x44 ./Core/Src/bmp2_config.o
 .debug_macro   0x00024e20      0x2cb ./Core/Src/bmp2_config.o
 .debug_macro   0x000250eb       0xba ./Core/Src/bmp2_config.o
 .debug_macro   0x000251a5      0x14d ./Core/Src/bmp2_config.o
 .debug_macro   0x000252f2      0x1aa ./Core/Src/bmp2_config.o
 .debug_macro   0x0002549c       0x52 ./Core/Src/bmp2_config.o
 .debug_macro   0x000254ee       0x61 ./Core/Src/bmp2_config.o
 .debug_macro   0x0002554f       0x2a ./Core/Src/bmp2_config.o
 .debug_macro   0x00025579       0x43 ./Core/Src/bmp2_config.o
 .debug_macro   0x000255bc       0x34 ./Core/Src/bmp2_config.o
 .debug_macro   0x000255f0       0x16 ./Core/Src/bmp2_config.o
 .debug_macro   0x00025606       0x43 ./Core/Src/bmp2_config.o