../Core/Src/main.c:69:6:HAL_UART_RxCpltCallback	16	static
../Core/Src/main.c:90:6:grzanie_f	16	static
../Core/Src/main.c:95:6:chlodzenie_f	16	static
../Core/Src/main.c:100:6:oczekiwanie_f	16	static
../Core/Src/main.c:106:6:odbieranie_usart_f	8	static
../Core/Src/main.c:117:6:sterowanie_f	8	static
../Core/Src/main.c:139:6:HAL_TIM_PeriodElapsedCallback	16	static
../Core/Src/main.c:152:5:main	8	static
../Core/Src/main.c:219:6:SystemClock_Config	88	static
../Core/Src/main.c:272:6:Error_Handler	4	static,ignoring_inline_asm
