../Core/Src/main.c:69:6:HAL_UART_RxCpltCallback	16	static
../Core/Src/main.c:90:6:HAL_GPIO_EXTI_Callback	16	static
../Core/Src/main.c:104:6:grzanie_f	16	static
../Core/Src/main.c:109:6:chlodzenie_f	16	static
../Core/Src/main.c:114:6:oczekiwanie_f	16	static
../Core/Src/main.c:120:6:odbieranie_usart_f	8	static
../Core/Src/main.c:131:6:sterowanie_f	16	static
../Core/Src/main.c:153:6:HAL_TIM_PeriodElapsedCallback	16	static
../Core/Src/main.c:166:5:main	8	static
../Core/Src/main.c:232:6:SystemClock_Config	88	static
../Core/Src/main.c:285:6:Error_Handler	4	static,ignoring_inline_asm
